Archive member included to satisfy reference by file (symbol)

NuttX/nuttx/arch/arm/src/libarch.a(stm32_start.o)
                              (__start)
NuttX/nuttx/arch/arm/src/libarch.a(stm32_rcc.o)
                              NuttX/nuttx/arch/arm/src/libarch.a(stm32_start.o) (stm32_clockconfig)
NuttX/nuttx/arch/arm/src/libarch.a(stm32_gpio.o)
                              NuttX/nuttx/arch/arm/src/libarch.a(stm32_start.o) (stm32_gpioinit)
NuttX/nuttx/arch/arm/src/libarch.a(stm32_lowputc.o)
                              NuttX/nuttx/arch/arm/src/libarch.a(stm32_start.o) (stm32_lowsetup)
NuttX/nuttx/arch/arm/src/libarch.a(stm32_serial.o)
                              NuttX/nuttx/arch/arm/src/libarch.a(stm32_start.o) (up_earlyserialinit)
NuttX/nuttx/arch/arm/src/libarch.a(up_modifyreg32.o)
                              NuttX/nuttx/arch/arm/src/libarch.a(stm32_serial.o) (modifyreg32)
NuttX/nuttx/arch/arm/src/libarch.a(up_vectors.o)
                              (_vectors)
NuttX/nuttx/arch/arm/src/libarch.a(up_exception.o)
                              NuttX/nuttx/arch/arm/src/libarch.a(up_vectors.o) (exception_common)
NuttX/nuttx/arch/arm/src/libarch.a(stm32_irq.o)
                              NuttX/nuttx/arch/arm/src/libarch.a(stm32_serial.o) (up_disable_irq)
NuttX/nuttx/arch/arm/src/libarch.a(stm32_dma.o)
                              NuttX/nuttx/arch/arm/src/libarch.a(stm32_serial.o) (stm32_dmachannel)
NuttX/nuttx/arch/arm/src/libarch.a(up_hardfault.o)
                              NuttX/nuttx/arch/arm/src/libarch.a(stm32_irq.o) (up_hardfault)
NuttX/nuttx/arch/arm/src/libarch.a(up_svcall.o)
                              NuttX/nuttx/arch/arm/src/libarch.a(stm32_irq.o) (up_svcall)
NuttX/nuttx/arch/arm/src/libarch.a(up_doirq.o)
                              NuttX/nuttx/arch/arm/src/libarch.a(up_exception.o) (up_doirq)
NuttX/nuttx/arch/arm/src/libarch.a(up_assert.o)
                              NuttX/nuttx/arch/arm/src/libarch.a(up_hardfault.o) (up_assert)
NuttX/nuttx/arch/arm/src/libarch.a(up_interruptcontext.o)
                              NuttX/nuttx/arch/arm/src/libarch.a(up_assert.o) (up_interrupt_context)
NuttX/nuttx/arch/arm/src/libarch.a(up_checkstack.o)
                              NuttX/nuttx/arch/arm/src/libarch.a(up_assert.o) (up_check_tcbstack)
NuttX/nuttx/arch/arm/src/libarch.a(up_saveusercontext.o)
                              NuttX/nuttx/arch/arm/src/libarch.a(up_assert.o) (up_saveusercontext)
NuttX/nuttx/libs/libc/libc.a(arch_memcpy.o)
                              NuttX/nuttx/arch/arm/src/libarch.a(up_svcall.o) (memcpy)
NuttX/nuttx/libs/libc/libc.a(sem_init.o)
                              NuttX/nuttx/arch/arm/src/libarch.a(stm32_dma.o) (nxsem_init)
NuttX/nuttx/libs/libc/libc.a(lib_abort.o)
                              (abort)
NuttX/nuttx/libs/libc/libc.a(lib_strcpy.o)
                              NuttX/nuttx/arch/arm/src/libarch.a(stm32_serial.o) (strcpy)
NuttX/nuttx/libs/libc/libc.a(lib_syslog.o)
                              NuttX/nuttx/arch/arm/src/libarch.a(up_hardfault.o) (syslog)
NuttX/nuttx/libs/libc/libc.a(lib_setlogmask.o)
                              NuttX/nuttx/libs/libc/libc.a(lib_syslog.o) (g_syslog_mask)
NuttX/nuttx/libs/libc/libc.a(lib_cfgetspeed.o)
                              NuttX/nuttx/arch/arm/src/libarch.a(stm32_serial.o) (cfgetspeed)
NuttX/nuttx/libs/libc/libc.a(lib_cfsetspeed.o)
                              NuttX/nuttx/arch/arm/src/libarch.a(stm32_serial.o) (cfsetspeed)
NuttX/nuttx/drivers/libdrivers.a(serial.o)
                              NuttX/nuttx/arch/arm/src/libarch.a(stm32_serial.o) (uart_register)
NuttX/nuttx/drivers/libdrivers.a(serial_io.o)
                              NuttX/nuttx/arch/arm/src/libarch.a(stm32_serial.o) (uart_xmitchars)
NuttX/nuttx/drivers/libdrivers.a(vsyslog.o)
                              NuttX/nuttx/libs/libc/libc.a(lib_syslog.o) (nx_vsyslog)
NuttX/nuttx/drivers/libdrivers.a(syslog_stream.o)
                              NuttX/nuttx/drivers/libdrivers.a(vsyslog.o) (syslogstream_create)
NuttX/nuttx/drivers/libdrivers.a(syslog_emergstream.o)
                              NuttX/nuttx/drivers/libdrivers.a(vsyslog.o) (emergstream)
NuttX/nuttx/drivers/libdrivers.a(syslog_putc.o)
                              NuttX/nuttx/drivers/libdrivers.a(syslog_stream.o) (syslog_putc)
NuttX/nuttx/drivers/libdrivers.a(syslog_force.o)
                              NuttX/nuttx/drivers/libdrivers.a(syslog_emergstream.o) (syslog_force)
NuttX/nuttx/drivers/libdrivers.a(syslog_flush.o)
                              NuttX/nuttx/arch/arm/src/libarch.a(up_assert.o) (syslog_flush)
NuttX/nuttx/drivers/libdrivers.a(syslog_channel.o)
                              NuttX/nuttx/drivers/libdrivers.a(syslog_putc.o) (g_syslog_channel)
NuttX/nuttx/fs/libfs.a(fs_registerdriver.o)
                              NuttX/nuttx/drivers/libdrivers.a(serial.o) (register_driver)
NuttX/nuttx/fs/libfs.a(fs_inode.o)
[...]
Memory Configuration

Name             Origin             Length             Attributes
flash            0x0000000008001000 0x000000000000f000 xr
sram             0x0000000020000000 0x0000000000002000 xrw
*default*        0x0000000000000000 0xffffffffffffffff

Linker script and memory map

LOAD platforms/nuttx/CMakeFiles/px4.dir/__/common/empty.c.obj

.text           0x0000000008001000     0xe0d8
                0x0000000008001000                _stext = ABSOLUTE (.)
 *(.vectors)
 .vectors       0x0000000008001000      0x134 NuttX/nuttx/arch/arm/src/libarch.a(up_vectors.o)
                0x0000000008001000                _vectors
 *(.text .text.*)
 .text.go_nx_start
                0x0000000008001134       0x26 NuttX/nuttx/arch/arm/src/libarch.a(stm32_start.o)
 *fill*         0x000000000800115a        0x2 
 .text.__start  0x000000000800115c       0x58 NuttX/nuttx/arch/arm/src/libarch.a(stm32_start.o)
                0x000000000800115c                __start
 .text.stm32_clockconfig
                0x00000000080011b4       0xe4 NuttX/nuttx/arch/arm/src/libarch.a(stm32_rcc.o)
                0x00000000080011b4                stm32_clockconfig
 .text.stm32_gpioinit
                0x0000000008001298       0x10 NuttX/nuttx/arch/arm/src/libarch.a(stm32_gpio.o)
                0x0000000008001298                stm32_gpioinit
 .text.stm32_configgpio
                0x00000000080012a8       0xcc NuttX/nuttx/arch/arm/src/libarch.a(stm32_gpio.o)
                0x00000000080012a8                stm32_configgpio
 .text.stm32_unconfiggpio
                0x0000000008001374        0xc NuttX/nuttx/arch/arm/src/libarch.a(stm32_gpio.o)
                0x0000000008001374                stm32_unconfiggpio
 .text.stm32_gpiowrite
                0x0000000008001380       0x2c NuttX/nuttx/arch/arm/src/libarch.a(stm32_gpio.o)
                0x0000000008001380                stm32_gpiowrite
 .text.stm32_gpioread
                0x00000000080013ac       0x2c NuttX/nuttx/arch/arm/src/libarch.a(stm32_gpio.o)
                0x00000000080013ac                stm32_gpioread
 .text.up_lowputc
                0x00000000080013d8       0x18 NuttX/nuttx/arch/arm/src/libarch.a(stm32_lowputc.o)
                0x00000000080013d8                up_lowputc
 .text.stm32_lowsetup
                0x00000000080013f0       0x6c NuttX/nuttx/arch/arm/src/libarch.a(stm32_lowputc.o)
                0x00000000080013f0                stm32_lowsetup
 .text.up_setusartint
                0x000000000800145c       0x26 NuttX/nuttx/arch/arm/src/libarch.a(stm32_serial.o)
 .text.up_restoreusartint
                0x0000000008001482       0x18 NuttX/nuttx/arch/arm/src/libarch.a(stm32_serial.o)
 .text.up_disableusartint
                0x000000000800149a       0x2e NuttX/nuttx/arch/arm/src/libarch.a(stm32_serial.o)
 .text.up_set_format
                0x00000000080014c8       0x76 NuttX/nuttx/arch/arm/src/libarch.a(stm32_serial.o)
 .text.up_receive
                0x000000000800153e       0x16 NuttX/nuttx/arch/arm/src/libarch.a(stm32_serial.o)
 .text.up_rxint
                0x0000000008001554       0x2c NuttX/nuttx/arch/arm/src/libarch.a(stm32_serial.o)
 .text.up_rxavailable
                0x0000000008001580        0xc NuttX/nuttx/arch/arm/src/libarch.a(stm32_serial.o)
 .text.up_dma_rxint
                0x000000000800158c        0x8 NuttX/nuttx/arch/arm/src/libarch.a(stm32_serial.o)
 .text.up_send  0x0000000008001594        0x8 NuttX/nuttx/arch/arm/src/libarch.a(stm32_serial.o)
 .text.up_txready
                0x000000000800159c        0xc NuttX/nuttx/arch/arm/src/libarch.a(stm32_serial.o)
 .text.up_txint
                0x00000000080015a8       0x34 NuttX/nuttx/arch/arm/src/libarch.a(stm32_serial.o)
 .text.up_dma_receive
                0x00000000080015dc       0x28 NuttX/nuttx/arch/arm/src/libarch.a(stm32_serial.o)
 .text.up_ioctl
                0x0000000008001604       0xd4 NuttX/nuttx/arch/arm/src/libarch.a(stm32_serial.o)
 .text.up_detach
                0x00000000080016d8       0x1c NuttX/nuttx/arch/arm/src/libarch.a(stm32_serial.o)
 .text.up_attach
                0x00000000080016f4       0x24 NuttX/nuttx/arch/arm/src/libarch.a(stm32_serial.o)
 .text.up_interrupt
                0x0000000008001718       0x4e NuttX/nuttx/arch/arm/src/libarch.a(stm32_serial.o)
 .text.up_dma_rxavailable
                0x0000000008001766       0x18 NuttX/nuttx/arch/arm/src/libarch.a(stm32_serial.o)
 .text.up_dma_rxcallback
                0x000000000800177e       0x1e NuttX/nuttx/arch/arm/src/libarch.a(stm32_serial.o)
 .text.up_shutdown
                0x000000000800179c       0x74 NuttX/nuttx/arch/arm/src/libarch.a(stm32_serial.o)
 .text.up_dma_shutdown
                0x0000000008001810       0x1a NuttX/nuttx/arch/arm/src/libarch.a(stm32_serial.o)
 *fill*         0x000000000800182a        0x2 
 .text.up_setup
                0x000000000800182c       0xa0 NuttX/nuttx/arch/arm/src/libarch.a(stm32_serial.o)
 .text.up_dma_setup
                0x00000000080018cc       0x50 NuttX/nuttx/arch/arm/src/libarch.a(stm32_serial.o)
 .text.up_earlyserialinit
                0x000000000800191c       0x34 NuttX/nuttx/arch/arm/src/libarch.a(stm32_serial.o)
                0x000000000800191c                up_earlyserialinit
 .text.up_serialinit
                0x0000000008001950       0x60 NuttX/nuttx/arch/arm/src/libarch.a(stm32_serial.o)
                0x0000000008001950                up_serialinit
 .text.stm32_serial_dma_poll
                0x00000000080019b0       0x34 NuttX/nuttx/arch/arm/src/libarch.a(stm32_serial.o)
                0x00000000080019b0                stm32_serial_dma_poll
 .text.up_putc  0x00000000080019e4       0x34 NuttX/nuttx/arch/arm/src/libarch.a(stm32_serial.o)
                0x00000000080019e4                up_putc
 .text.modifyreg32
                0x0000000008001a18       0x1e NuttX/nuttx/arch/arm/src/libarch.a(up_modifyreg32.o)
                0x0000000008001a18                modifyreg32
 .text          0x0000000008001a36       0x5e NuttX/nuttx/arch/arm/src/libarch.a(up_exception.o)
                0x0000000008001a36                exception_common
 .text.stm32_irqinfo
                0x0000000008001a94       0x68 NuttX/nuttx/arch/arm/src/libarch.a(stm32_irq.o)
 .text.up_irqinitialize
                0x0000000008001afc       0x94 NuttX/nuttx/arch/arm/src/libarch.a(stm32_irq.o)
                0x0000000008001afc                up_irqinitialize
 .text.up_disable_irq
                0x0000000008001b90       0x24 NuttX/nuttx/arch/arm/src/libarch.a(stm32_irq.o)
                0x0000000008001b90                up_disable_irq
 .text.up_enable_irq
                0x0000000008001bb4       0x24 NuttX/nuttx/arch/arm/src/libarch.a(stm32_irq.o)
                0x0000000008001bb4                up_enable_irq
 .text.up_ack_irq
                0x0000000008001bd8        0x2 NuttX/nuttx/arch/arm/src/libarch.a(stm32_irq.o)
                0x0000000008001bd8                up_ack_irq
 .text.stm32_dmachandisable
                0x0000000008001bda       0x20 NuttX/nuttx/arch/arm/src/libarch.a(stm32_dma.o)
 *fill*         0x0000000008001bfa        0x2 
 .text.stm32_dmainterrupt
                0x0000000008001bfc       0x40 NuttX/nuttx/arch/arm/src/libarch.a(stm32_dma.o)
 .text.up_dma_initialize
                0x0000000008001c3c       0x40 NuttX/nuttx/arch/arm/src/libarch.a(stm32_dma.o)
                0x0000000008001c3c                up_dma_initialize
 .text.stm32_dmachannel
                0x0000000008001c7c       0x20 NuttX/nuttx/arch/arm/src/libarch.a(stm32_dma.o)
                0x0000000008001c7c                stm32_dmachannel
 .text.stm32_dmafree
                0x0000000008001c9c        0x6 NuttX/nuttx/arch/arm/src/libarch.a(stm32_dma.o)
                0x0000000008001c9c                stm32_dmafree
 .text.stm32_dmasetup
                0x0000000008001ca2       0x34 NuttX/nuttx/arch/arm/src/libarch.a(stm32_dma.o)
                0x0000000008001ca2                stm32_dmasetup
 .text.stm32_dmastart
                0x0000000008001cd6       0x28 NuttX/nuttx/arch/arm/src/libarch.a(stm32_dma.o)
                0x0000000008001cd6                stm32_dmastart
 .text.stm32_dmastop
                0x0000000008001cfe        0x4 NuttX/nuttx/arch/arm/src/libarch.a(stm32_dma.o)
                0x0000000008001cfe                stm32_dmastop
 .text.stm32_dmaresidual
                0x0000000008001d02        0x6 NuttX/nuttx/arch/arm/src/libarch.a(stm32_dma.o)
                0x0000000008001d02                stm32_dmaresidual
 .text.up_hardfault
                0x0000000008001d08       0x34 NuttX/nuttx/arch/arm/src/libarch.a(up_hardfault.o)
                0x0000000008001d08                up_hardfault
 .text.up_svcall
                0x0000000008001d3c       0x38 NuttX/nuttx/arch/arm/src/libarch.a(up_svcall.o)
                0x0000000008001d3c                up_svcall
 .text.up_doirq
                0x0000000008001d74       0x24 NuttX/nuttx/arch/arm/src/libarch.a(up_doirq.o)
                0x0000000008001d74                up_doirq
 .text.up_stackdump
                0x0000000008001d98       0x50 NuttX/nuttx/arch/arm/src/libarch.a(up_assert.o)
 .text.up_taskdump
                0x0000000008001de8       0x30 NuttX/nuttx/arch/arm/src/libarch.a(up_assert.o)
 .text.up_assert
                0x0000000008001e18      0x1cc NuttX/nuttx/arch/arm/src/libarch.a(up_assert.o)
                0x0000000008001e18                up_assert
 .text.up_interrupt_context
                0x0000000008001fe4       0x10 NuttX/nuttx/arch/arm/src/libarch.a(up_interruptcontext.o)
                0x0000000008001fe4                up_interrupt_context
 .text.up_check_tcbstack
                0x0000000008001ff4       0x30 NuttX/nuttx/arch/arm/src/libarch.a(up_checkstack.o)
                0x0000000008001ff4                up_check_tcbstack
 .text          0x0000000008002024       0x14 NuttX/nuttx/arch/arm/src/libarch.a(up_saveusercontext.o)
                0x0000000008002024                up_saveusercontext
 *fill*         0x0000000008002038        0x8 
 .text          0x0000000008002040      0x230 NuttX/nuttx/libs/libc/libc.a(arch_memcpy.o)
                0x0000000008002060                memcpy
 .text.nxsem_init
                0x0000000008002270       0x16 NuttX/nuttx/libs/libc/libc.a(sem_init.o)
                0x0000000008002270                nxsem_init
 .text.abort    0x0000000008002286        0x8 NuttX/nuttx/libs/libc/libc.a(lib_abort.o)
                0x0000000008002286                abort
 .text.strcpy   0x000000000800228e       0x10 NuttX/nuttx/libs/libc/libc.a(lib_strcpy.o)
                0x000000000800228e                strcpy
 *fill*         0x000000000800229e        0x2 
 .text.vsyslog  0x00000000080022a0       0x24 NuttX/nuttx/libs/libc/libc.a(lib_syslog.o)
                0x00000000080022a0                vsyslog
 .text.syslog   0x00000000080022c4       0x1a NuttX/nuttx/libs/libc/libc.a(lib_syslog.o)
                0x00000000080022c4                syslog
 .text.cfgetspeed
                0x00000000080022de        0x4 NuttX/nuttx/libs/libc/libc.a(lib_cfgetspeed.o)
                0x00000000080022de                cfgetspeed
 .text.cfsetspeed
                0x00000000080022e2        0x6 NuttX/nuttx/libs/libc/libc.a(lib_cfsetspeed.o)
                0x00000000080022e2                cfsetspeed
 .text.uart_putc
                0x00000000080022e8       0x20 NuttX/nuttx/drivers/libdrivers.a(serial.o)
 .text.uart_takesem
                0x0000000008002308       0x14 NuttX/nuttx/drivers/libdrivers.a(serial.o)
 .text.uart_tcdrain
                0x000000000800231c       0xa4 NuttX/nuttx/drivers/libdrivers.a(serial.o)
 .text.uart_putxmitchar
                0x00000000080023c0       0x94 NuttX/nuttx/drivers/libdrivers.a(serial.o)
 .text.uart_read
                0x0000000008002454       0xf8 NuttX/nuttx/drivers/libdrivers.a(serial.o)
 .text.uart_open
                0x000000000800254c       0x7e NuttX/nuttx/drivers/libdrivers.a(serial.o)
 .text.uart_write
                0x00000000080025ca      0x104 NuttX/nuttx/drivers/libdrivers.a(serial.o)
 *fill*         0x00000000080026ce        0x2 
 .text.uart_register
                0x00000000080026d0       0x80 NuttX/nuttx/drivers/libdrivers.a(serial.o)
                0x00000000080026d0                uart_register
 .text.uart_datareceived
                0x0000000008002750       0x12 NuttX/nuttx/drivers/libdrivers.a(serial.o)
                0x0000000008002750                uart_datareceived
 .text.uart_datasent
                0x0000000008002762       0x12 NuttX/nuttx/drivers/libdrivers.a(serial.o)
                0x0000000008002762                uart_datasent
 .text.uart_ioctl
                0x0000000008002774      0x14e NuttX/nuttx/drivers/libdrivers.a(serial.o)
 .text.uart_reset_sem
                0x00000000080028c2       0x2e NuttX/nuttx/drivers/libdrivers.a(serial.o)
                0x00000000080028c2                uart_reset_sem
 .text.uart_close
                0x00000000080028f0       0x70 NuttX/nuttx/drivers/libdrivers.a(serial.o)
 .text.uart_xmitchars
                0x0000000008002960       0x70 NuttX/nuttx/drivers/libdrivers.a(serial_io.o)
                0x0000000008002960                uart_xmitchars
 .text.uart_recvchars
                0x00000000080029d0       0x66 NuttX/nuttx/drivers/libdrivers.a(serial_io.o)
                0x00000000080029d0                uart_recvchars
 .text.nx_vsyslog
                0x0000000008002a36       0x26 NuttX/nuttx/drivers/libdrivers.a(vsyslog.o)
                0x0000000008002a36                nx_vsyslog
 .text.syslogstream_putc
                0x0000000008002a5c       0x22 NuttX/nuttx/drivers/libdrivers.a(syslog_stream.o)
 *fill*         0x0000000008002a7e        0x2 
 .text.syslogstream_create
                0x0000000008002a80       0x18 NuttX/nuttx/drivers/libdrivers.a(syslog_stream.o)
                0x0000000008002a80                syslogstream_create
 .text.emergstream_putc
                0x0000000008002a98       0x24 NuttX/nuttx/drivers/libdrivers.a(syslog_emergstream.o)
 .text.emergstream
                0x0000000008002abc       0x18 NuttX/nuttx/drivers/libdrivers.a(syslog_emergstream.o)
                0x0000000008002abc                emergstream
 .text.syslog_putc
                0x0000000008002ad4       0x2c NuttX/nuttx/drivers/libdrivers.a(syslog_putc.o)
                0x0000000008002ad4                syslog_putc
 .text.syslog_force
                0x0000000008002b00        0xc NuttX/nuttx/drivers/libdrivers.a(syslog_force.o)
                0x0000000008002b00                syslog_force
 .text.syslog_flush
                0x0000000008002b0c        0xc NuttX/nuttx/drivers/libdrivers.a(syslog_flush.o)
                0x0000000008002b0c                syslog_flush
 .text.syslog_default_flush
                0x0000000008002b18        0x4 NuttX/nuttx/drivers/libdrivers.a(syslog_channel.o)
 .text.syslog_channel
                0x0000000008002b1c       0x14 NuttX/nuttx/drivers/libdrivers.a(syslog_channel.o)
                0x0000000008002b1c                syslog_channel
 .text.register_driver
                0x0000000008002b30       0x32 NuttX/nuttx/fs/libfs.a(fs_registerdriver.o)
                0x0000000008002b30                register_driver
 *fill*         0x0000000008002b62        0x2 
 .text.inode_initialize
                0x0000000008002b64       0x2c NuttX/nuttx/fs/libfs.a(fs_inode.o)
                0x0000000008002b64                inode_initialize
 .text.inode_semtake
                0x0000000008002b90       0x34 NuttX/nuttx/fs/libfs.a(fs_inode.o)
                0x0000000008002b90                inode_semtake
 .text.inode_semgive
                0x0000000008002bc4       0x24 NuttX/nuttx/fs/libfs.a(fs_inode.o)
                0x0000000008002bc4                inode_semgive
 .text.inode_alloc
                0x0000000008002be8       0x3c NuttX/nuttx/fs/libfs.a(fs_inodereserve.o)
 .text.inode_reserve
                0x0000000008002c24       0xb0 NuttX/nuttx/fs/libfs.a(fs_inodereserve.o)
                0x0000000008002c24                inode_reserve
 .text.inode_nextname
                0x0000000008002cd4       0x20 NuttX/nuttx/fs/libfs.a(fs_inodesearch.o)
                0x0000000008002cd4                inode_nextname
 .text.inode_search
                0x0000000008002cf4       0xa4 NuttX/nuttx/fs/libfs.a(fs_inodesearch.o)
                0x0000000008002cf4                inode_search
 .text.zalloc   0x0000000008002d98        0xc NuttX/nuttx/mm/libmm.a(umm_zalloc.o)
                0x0000000008002d98                zalloc
 .text.mm_zalloc
                0x0000000008002da4       0x18 NuttX/nuttx/mm/libmm.a(mm_zalloc.o)
                0x0000000008002da4                mm_zalloc
 .text.mm_malloc
                0x0000000008002dbc       0x96 NuttX/nuttx/mm/libmm.a(mm_malloc.o)
                0x0000000008002dbc                mm_malloc
 .text.mm_seminitialize
                0x0000000008002e52       0x18 NuttX/nuttx/mm/libmm.a(mm_sem.o)
                0x0000000008002e52                mm_seminitialize
 .text.mm_trysemaphore
                0x0000000008002e6a       0x2c NuttX/nuttx/mm/libmm.a(mm_sem.o)
                0x0000000008002e6a                mm_trysemaphore
 .text.mm_takesemaphore
                0x0000000008002e96       0x2a NuttX/nuttx/mm/libmm.a(mm_sem.o)
                0x0000000008002e96                mm_takesemaphore
 .text.mm_givesemaphore
                0x0000000008002ec0       0x1a NuttX/nuttx/mm/libmm.a(mm_sem.o)
                0x0000000008002ec0                mm_givesemaphore
 .text.mm_addfreechunk
                0x0000000008002eda       0x38 NuttX/nuttx/mm/libmm.a(mm_addfreechunk.o)
                0x0000000008002eda                mm_addfreechunk
 .text.mm_size2ndx
                0x0000000008002f12       0x1a NuttX/nuttx/mm/libmm.a(mm_size2ndx.o)
                0x0000000008002f12                mm_size2ndx
 .text.clock_initialize
                0x0000000008002f2c        0x2 NuttX/nuttx/sched/libsched.a(clock_initialize.o)
                0x0000000008002f2c                clock_initialize
 *fill*         0x0000000008002f2e        0x2 
 .text.clock_timer
                0x0000000008002f30       0x10 NuttX/nuttx/sched/libsched.a(clock_initialize.o)
                0x0000000008002f30                clock_timer
 .text.get_errno_ptr
                0x0000000008002f40       0x24 NuttX/nuttx/sched/libsched.a(errno_getptr.o)
                0x0000000008002f40                get_errno_ptr
 .text.nx_start
                0x0000000008002f64      0x154 NuttX/nuttx/sched/libsched.a(nx_start.o)
                0x0000000008002f64                nx_start
 .text.nx_bringup
                0x00000000080030b8       0x24 NuttX/nuttx/sched/libsched.a(nx_bringup.o)
                0x00000000080030b8                nx_bringup
 .text.irq_attach
                0x00000000080030dc       0x44 NuttX/nuttx/sched/libsched.a(irq_attach.o)
                0x00000000080030dc                irq_attach
 .text.irq_dispatch
                0x0000000008003120       0x3c NuttX/nuttx/sched/libsched.a(irq_dispatch.o)
                0x0000000008003120                irq_dispatch
 .text.irq_unexpected_isr
                0x000000000800315c       0x18 NuttX/nuttx/sched/libsched.a(irq_unexpectedisr.o)
                0x000000000800315c                irq_unexpected_isr
 .text.sched_garbage_collection
                0x0000000008003174       0x30 NuttX/nuttx/sched/libsched.a(sched_garbage.o)
                0x0000000008003174                sched_garbage_collection
 .text.sched_have_garbage
                0x00000000080031a4       0x10 NuttX/nuttx/sched/libsched.a(sched_garbage.o)
                0x00000000080031a4                sched_have_garbage
 .text.sched_foreach
                0x00000000080031b4       0x38 NuttX/nuttx/sched/libsched.a(sched_foreach.o)
                0x00000000080031b4                sched_foreach
 .text.sched_idletask
                0x00000000080031ec       0x18 NuttX/nuttx/sched/libsched.a(sched_idletask.o)
                0x00000000080031ec                sched_idletask
 .text.nxsem_wait
                0x0000000008003204       0x54 NuttX/nuttx/sched/libsched.a(sem_wait.o)
                0x0000000008003204                nxsem_wait
 .text.sem_wait
                0x0000000008003258       0x1c NuttX/nuttx/sched/libsched.a(sem_wait.o)
                0x0000000008003258                sem_wait
 .text.nxsem_trywait
                0x0000000008003274       0x40 NuttX/nuttx/sched/libsched.a(sem_trywait.o)
                0x0000000008003274                nxsem_trywait
 .text.sem_trywait
                0x00000000080032b4       0x1a NuttX/nuttx/sched/libsched.a(sem_trywait.o)
                0x00000000080032b4                sem_trywait
 *fill*         0x00000000080032ce        0x2 
 .text.nxsem_post
                0x00000000080032d0       0x48 NuttX/nuttx/sched/libsched.a(sem_post.o)
                0x00000000080032d0                nxsem_post
 .text.sem_post
                0x0000000008003318       0x1a NuttX/nuttx/sched/libsched.a(sem_post.o)
                0x0000000008003318                sem_post
 .text.nxsem_reset
                0x0000000008003332       0x42 NuttX/nuttx/sched/libsched.a(sem_reset.o)
                0x0000000008003332                nxsem_reset
 .text.nxthread_create
                0x0000000008003374       0x9c NuttX/nuttx/sched/libsched.a(task_create.o)
 .text.nxtask_create
                0x0000000008003410       0x16 NuttX/nuttx/sched/libsched.a(task_create.o)
                0x0000000008003410                nxtask_create
 *fill*         0x0000000008003426        0x2 
 .text.nxtask_schedsetup
                0x0000000008003428       0xb4 NuttX/nuttx/sched/libsched.a(task_setup.o)
                0x0000000008003428                nxtask_schedsetup
 .text.nxtask_argsetup
                0x00000000080034dc       0xd0 NuttX/nuttx/sched/libsched.a(task_setup.o)
                0x00000000080034dc                nxtask_argsetup
 .text.task_activate
                0x00000000080035ac       0x1a NuttX/nuttx/sched/libsched.a(task_activate.o)
                0x00000000080035ac                task_activate
 *fill*         0x00000000080035c6        0x2 
 .text.nxtask_start
                0x00000000080035c8       0x2c NuttX/nuttx/sched/libsched.a(task_start.o)
                0x00000000080035c8                nxtask_start
 .text.getpid   0x00000000080035f4       0x1c NuttX/nuttx/sched/libsched.a(task_getpid.o)
                0x00000000080035f4                getpid
 .text.exit     0x0000000008003610       0x1c NuttX/nuttx/sched/libsched.a(exit.o)
                0x0000000008003610                exit
 .text.group_allocate
                0x000000000800362c       0x18 NuttX/nuttx/sched/libsched.a(group_create.o)
                0x000000000800362c                group_allocate
 .text.group_initialize
                0x0000000008003644        0xa NuttX/nuttx/sched/libsched.a(group_create.o)
                0x0000000008003644                group_initialize
 *fill*         0x000000000800364e        0x2 
 .text.group_setupidlefiles
                0x0000000008003650       0x38 NuttX/nuttx/sched/libsched.a(group_setupidlefiles.o)
                0x0000000008003650                group_setupidlefiles
 .text.group_setuptaskfiles
                0x0000000008003688        0xe NuttX/nuttx/sched/libsched.a(group_setuptaskfiles.o)
                0x0000000008003688                group_setuptaskfiles
 *fill*         0x0000000008003696        0x2 
 .text.irq_initialize
                0x0000000008003698       0x24 NuttX/nuttx/sched/libsched.a(irq_initialize.o)
                0x0000000008003698                irq_initialize
 .text.sched_releasetcb
                0x00000000080036bc       0x40 NuttX/nuttx/sched/libsched.a(sched_releasetcb.o)
                0x00000000080036bc                sched_releasetcb
 .text.sched_lock
                0x00000000080036fc       0x1c NuttX/nuttx/sched/libsched.a(sched_lock.o)
                0x00000000080036fc                sched_lock
 .text.sched_unlock
                0x0000000008003718       0x50 NuttX/nuttx/sched/libsched.a(sched_unlock.o)
                0x0000000008003718                sched_unlock
 .text.nxtask_exithook
                0x0000000008003768       0x1e NuttX/nuttx/sched/libsched.a(task_exithook.o)
                0x0000000008003768                nxtask_exithook
 .text.nxtask_recover
                0x0000000008003786       0x12 NuttX/nuttx/sched/libsched.a(task_recover.o)
                0x0000000008003786                nxtask_recover
 .text.wd_recover
                0x0000000008003798       0x28 NuttX/nuttx/sched/libsched.a(wd_recover.o)
                0x0000000008003798                wd_recover
 .text.group_leave
                0x00000000080037c0       0x26 NuttX/nuttx/sched/libsched.a(group_leave.o)
                0x00000000080037c0                group_leave
 *fill*         0x00000000080037e6        0x2 
 .text.sched_ufree
                0x00000000080037e8       0x40 NuttX/nuttx/sched/libsched.a(sched_free.o)
                0x00000000080037e8                sched_ufree
 .text.nxsem_recover
                0x0000000008003828       0x26 NuttX/nuttx/sched/libsched.a(sem_recover.o)
                0x0000000008003828                nxsem_recover
 *fill*         0x000000000800384e        0x2 
 .text.wd_cancel
                0x0000000008003850       0x68 NuttX/nuttx/sched/libsched.a(wd_cancel.o)
                0x0000000008003850                wd_cancel
 .text.wd_delete
                0x00000000080038b8       0x50 NuttX/nuttx/sched/libsched.a(wd_delete.o)
                0x00000000080038b8                wd_delete
 .text.wd_initialize
                0x0000000008003908       0x38 NuttX/nuttx/sched/libsched.a(wd_initialize.o)
                0x0000000008003908                wd_initialize
 .text.up_allocate_heap
                0x0000000008003940       0x14 NuttX/nuttx/arch/arm/src/libarch.a(stm32_allocateheap.o)
                0x0000000008003940                up_allocate_heap
 .text.up_idle  0x0000000008003954        0x2 NuttX/nuttx/arch/arm/src/libarch.a(stm32_idle.o)
                0x0000000008003954                up_idle
 *fill*         0x0000000008003956        0x2 
 .text.up_block_task
                0x0000000008003958       0x5c NuttX/nuttx/arch/arm/src/libarch.a(up_blocktask.o)
                0x0000000008003958                up_block_task
 .text.up_copyfullstate
                0x00000000080039b4       0x18 NuttX/nuttx/arch/arm/src/libarch.a(up_copyfullstate.o)
                0x00000000080039b4                up_copyfullstate
 .text.up_stack_color
                0x00000000080039cc       0x28 NuttX/nuttx/arch/arm/src/libarch.a(up_createstack.o)
                0x00000000080039cc                up_stack_color
 .text.up_create_stack
                0x00000000080039f4       0x46 NuttX/nuttx/arch/arm/src/libarch.a(up_createstack.o)
                0x00000000080039f4                up_create_stack
 *fill*         0x0000000008003a3a        0x2 
 .text._exit    0x0000000008003a3c       0x20 NuttX/nuttx/arch/arm/src/libarch.a(up_exit.o)
                0x0000000008003a3c                _exit
 .text.up_initialize
                0x0000000008003a5c       0x30 NuttX/nuttx/arch/arm/src/libarch.a(up_initialize.o)
                0x0000000008003a5c                up_initialize
 .text.up_initial_state
                0x0000000008003a8c       0x2e NuttX/nuttx/arch/arm/src/libarch.a(up_initialstate.o)
                0x0000000008003a8c                up_initial_state
 .text.up_mdelay
                0x0000000008003aba       0x2a NuttX/nuttx/arch/arm/src/libarch.a(up_mdelay.o)
                0x0000000008003aba                up_mdelay
 .text.up_release_pending
                0x0000000008003ae4       0x38 NuttX/nuttx/arch/arm/src/libarch.a(up_releasepending.o)
                0x0000000008003ae4                up_release_pending
 .text.up_release_stack
                0x0000000008003b1c       0x1e NuttX/nuttx/arch/arm/src/libarch.a(up_releasestack.o)
                0x0000000008003b1c                up_release_stack
 .text.up_stack_frame
                0x0000000008003b3a       0x26 NuttX/nuttx/arch/arm/src/libarch.a(up_stackframe.o)
                0x0000000008003b3a                up_stack_frame
 .text.up_unblock_task
                0x0000000008003b60       0x40 NuttX/nuttx/arch/arm/src/libarch.a(up_unblocktask.o)
                0x0000000008003b60                up_unblock_task
 .text          0x0000000008003ba0        0xa NuttX/nuttx/arch/arm/src/libarch.a(up_fullcontextrestore.o)
                0x0000000008003ba0                up_fullcontextrestore
 .text          0x0000000008003baa        0xc NuttX/nuttx/arch/arm/src/libarch.a(up_switchcontext.o)
                0x0000000008003baa                up_switchcontext
 .text.stm32_timerisr
                0x0000000008003bb6        0xa NuttX/nuttx/arch/arm/src/libarch.a(stm32_timerisr.o)
 .text.arm_timer_initialize
                0x0000000008003bc0       0x44 NuttX/nuttx/arch/arm/src/libarch.a(stm32_timerisr.o)
                0x0000000008003bc0                arm_timer_initialize
 .text.sq_addlast
                0x0000000008003c04       0x14 NuttX/nuttx/libs/libc/libc.a(sq_addlast.o)
                0x0000000008003c04                sq_addlast
 .text.sq_remfirst
                0x0000000008003c18       0x14 NuttX/nuttx/libs/libc/libc.a(sq_remfirst.o)
                0x0000000008003c18                sq_remfirst
 .text.sq_remafter
                0x0000000008003c2c       0x20 NuttX/nuttx/libs/libc/libc.a(sq_remafter.o)
                0x0000000008003c2c                sq_remafter
 .text.dq_addfirst
                0x0000000008003c4c       0x18 NuttX/nuttx/libs/libc/libc.a(dq_addfirst.o)
                0x0000000008003c4c                dq_addfirst
 .text.dq_rem   0x0000000008003c64       0x1c NuttX/nuttx/libs/libc/libc.a(dq_rem.o)
                0x0000000008003c64                dq_rem
 .text.nxsem_setprotocol
                0x0000000008003c80       0x16 NuttX/nuttx/libs/libc/libc.a(sem_setprotocol.o)
                0x0000000008003c80                nxsem_setprotocol
 .text.lib_noflush
                0x0000000008003c96        0x4 NuttX/nuttx/libs/libc/libc.a(lib_libnoflush.o)
                0x0000000008003c96                lib_noflush
 *fill*         0x0000000008003c9a        0x2 
 .text.lib_vsprintf
                0x0000000008003c9c      0x3d0 NuttX/nuttx/libs/libc/libc.a(lib_libvsprintf.o)
                0x0000000008003c9c                lib_vsprintf
 .text.__ultoa_invert
                0x000000000800406c       0x34 NuttX/nuttx/libs/libc/libc.a(lib_ultoa_invert.o)
                0x000000000800406c                __ultoa_invert
 .text.memset   0x00000000080040a0       0x10 NuttX/nuttx/libs/libc/libc.a(lib_memset.o)
                0x00000000080040a0                memset
 .text.strlen   0x00000000080040b0       0x10 NuttX/nuttx/libs/libc/libc.a(lib_strlen.o)
                0x00000000080040b0                strlen
 .text.strnlen  0x00000000080040c0       0x18 NuttX/nuttx/libs/libc/libc.a(lib_strnlen.o)
                0x00000000080040c0                strnlen
 .text.strncpy  0x00000000080040d8       0x24 NuttX/nuttx/libs/libc/libc.a(lib_strncpy.o)
                0x00000000080040d8                strncpy
 .text.syslog_initialize
                0x00000000080040fc        0xc NuttX/nuttx/drivers/libdrivers.a(syslog_initialize.o)
                0x00000000080040fc                syslog_initialize
 .text.syslog_console_channel
                0x0000000008004108       0x28 NuttX/nuttx/drivers/libdrivers.a(syslog_consolechannel.o)
                0x0000000008004108                syslog_console_channel
 .text.syslog_dev_takesem
                0x0000000008004130       0x2c NuttX/nuttx/drivers/libdrivers.a(syslog_device.o)
 .text.syslog_dev_initialize
                0x000000000800415c       0x5c NuttX/nuttx/drivers/libdrivers.a(syslog_device.o)
                0x000000000800415c                syslog_dev_initialize
 .text.syslog_dev_outputready
                0x00000000080041b8       0x60 NuttX/nuttx/drivers/libdrivers.a(syslog_device.o)
 .text.syslog_dev_write
                0x0000000008004218       0xcc NuttX/nuttx/drivers/libdrivers.a(syslog_device.o)
                0x0000000008004218                syslog_dev_write
 .text.syslog_dev_putc
                0x00000000080042e4       0x60 NuttX/nuttx/drivers/libdrivers.a(syslog_device.o)
                0x00000000080042e4                syslog_dev_putc
 .text.syslog_dev_flush
                0x0000000008004344        0x4 NuttX/nuttx/drivers/libdrivers.a(syslog_device.o)
                0x0000000008004344                syslog_dev_flush
 .text.fs_initialize
                0x0000000008004348        0x4 NuttX/nuttx/fs/libfs.a(fs_initialize.o)
                0x0000000008004348                fs_initialize
 .text._files_close
                0x000000000800434c       0x2a NuttX/nuttx/fs/libfs.a(fs_files.o)
 .text._files_semtake
                0x0000000008004376       0x10 NuttX/nuttx/fs/libfs.a(fs_files.o)
 .text.files_initialize
                0x0000000008004386        0x2 NuttX/nuttx/fs/libfs.a(fs_files.o)
                0x0000000008004386                files_initialize
 .text.files_initlist
                0x0000000008004388        0x8 NuttX/nuttx/fs/libfs.a(fs_files.o)
                0x0000000008004388                files_initlist
 .text.files_releaselist
                0x0000000008004390       0x20 NuttX/nuttx/fs/libfs.a(fs_files.o)
                0x0000000008004390                files_releaselist
 .text.file_dup2
                0x00000000080043b0       0x7e NuttX/nuttx/fs/libfs.a(fs_files.o)
                0x00000000080043b0                file_dup2
 .text.files_allocate
                0x000000000800442e       0x4e NuttX/nuttx/fs/libfs.a(fs_files.o)
                0x000000000800442e                files_allocate
 .text.files_close
                0x000000000800447c       0x34 NuttX/nuttx/fs/libfs.a(fs_files.o)
                0x000000000800447c                files_close
 .text.files_release
                0x00000000080044b0       0x2a NuttX/nuttx/fs/libfs.a(fs_files.o)
                0x00000000080044b0                files_release
 .text.inode_addref
                0x00000000080044da       0x1a NuttX/nuttx/fs/libfs.a(fs_inodeaddref.o)
                0x00000000080044da                inode_addref
 .text.inode_release
                0x00000000080044f4       0x3a NuttX/nuttx/fs/libfs.a(fs_inoderelease.o)
                0x00000000080044f4                inode_release
 .text.file_open
                0x000000000800452e       0x3a NuttX/nuttx/fs/libfs.a(fs_fileopen.o)
                0x000000000800452e                file_open
 .text.file_detach
                0x0000000008004568       0x52 NuttX/nuttx/fs/libfs.a(fs_filedetach.o)
                0x0000000008004568                file_detach
 .text.close    0x00000000080045ba       0x24 NuttX/nuttx/fs/libfs.a(fs_close.o)
                0x00000000080045ba                close
 .text.dup2     0x00000000080045de       0x50 NuttX/nuttx/fs/libfs.a(fs_dupfd2.o)
                0x00000000080045de                dup2
 .text.fs_getfilep
                0x000000000800462e       0x2c NuttX/nuttx/fs/libfs.a(fs_getfilep.o)
                0x000000000800462e                fs_getfilep
 .text.inode_checkflags
                0x000000000800465a       0x28 NuttX/nuttx/fs/libfs.a(fs_open.o)
                0x000000000800465a                inode_checkflags
 .text.nx_vopen
                0x0000000008004682       0x86 NuttX/nuttx/fs/libfs.a(fs_open.o)
                0x0000000008004682                nx_vopen
 .text.nx_open  0x0000000008004708       0x1a NuttX/nuttx/fs/libfs.a(fs_open.o)
                0x0000000008004708                nx_open
 .text.open     0x0000000008004722       0x2c NuttX/nuttx/fs/libfs.a(fs_open.o)
                0x0000000008004722                open
 .text.file_write
                0x000000000800474e       0x20 NuttX/nuttx/fs/libfs.a(fs_write.o)
                0x000000000800474e                file_write
 .text.nx_write
                0x000000000800476e       0x30 NuttX/nuttx/fs/libfs.a(fs_write.o)
                0x000000000800476e                nx_write
 .text.write    0x000000000800479e       0x1a NuttX/nuttx/fs/libfs.a(fs_write.o)
                0x000000000800479e                write
 .text.inode_find
                0x00000000080047b8       0x22 NuttX/nuttx/fs/libfs.a(fs_inodefind.o)
                0x00000000080047b8                inode_find
 .text.inode_free
                0x00000000080047da       0x1e NuttX/nuttx/fs/libfs.a(fs_inodefree.o)
                0x00000000080047da                inode_free
 .text.umm_initialize
                0x00000000080047f8       0x10 NuttX/nuttx/mm/libmm.a(umm_initialize.o)
                0x00000000080047f8                umm_initialize
 .text.umm_trysemaphore
                0x0000000008004808        0xc NuttX/nuttx/mm/libmm.a(umm_sem.o)
                0x0000000008004808                umm_trysemaphore
 .text.umm_givesemaphore
                0x0000000008004814        0xc NuttX/nuttx/mm/libmm.a(umm_sem.o)
                0x0000000008004814                umm_givesemaphore
 .text.free     0x0000000008004820        0xc NuttX/nuttx/mm/libmm.a(umm_free.o)
                0x0000000008004820                free
 .text.malloc   0x000000000800482c        0xc NuttX/nuttx/mm/libmm.a(umm_malloc.o)
                0x000000000800482c                malloc
 .text.umm_heapmember
                0x0000000008004838        0xc NuttX/nuttx/mm/libmm.a(umm_heapmember.o)
                0x0000000008004838                umm_heapmember
 .text.mm_addregion
                0x0000000008004844       0x4e NuttX/nuttx/mm/libmm.a(mm_initialize.o)
                0x0000000008004844                mm_addregion
 .text.mm_initialize
                0x0000000008004892       0x40 NuttX/nuttx/mm/libmm.a(mm_initialize.o)
                0x0000000008004892                mm_initialize
 .text.mm_free  0x00000000080048d2       0x9c NuttX/nuttx/mm/libmm.a(mm_free.o)
                0x00000000080048d2                mm_free
 .text.mm_heapmember
                0x000000000800496e       0x16 NuttX/nuttx/mm/libmm.a(mm_heapmember.o)
                0x000000000800496e                mm_heapmember
 .text.sched_getfiles
                0x0000000008004984       0x10 NuttX/nuttx/sched/libsched.a(sched_getfiles.o)
                0x0000000008004984                sched_getfiles
 .text.sched_addreadytorun
                0x0000000008004994       0x48 NuttX/nuttx/sched/libsched.a(sched_addreadytorun.o)
                0x0000000008004994                sched_addreadytorun
 .text.sched_removereadytorun
                0x00000000080049dc       0x28 NuttX/nuttx/sched/libsched.a(sched_removereadytorun.o)
                0x00000000080049dc                sched_removereadytorun
 .text.sched_addprioritized
                0x0000000008004a04       0x48 NuttX/nuttx/sched/libsched.a(sched_addprioritized.o)
                0x0000000008004a04                sched_addprioritized
 .text.sched_mergepending
                0x0000000008004a4c       0x58 NuttX/nuttx/sched/libsched.a(sched_mergepending.o)
                0x0000000008004a4c                sched_mergepending
 .text.sched_addblocked
                0x0000000008004aa4       0x28 NuttX/nuttx/sched/libsched.a(sched_addblocked.o)
                0x0000000008004aa4                sched_addblocked
 .text.sched_removeblocked
                0x0000000008004acc       0x1c NuttX/nuttx/sched/libsched.a(sched_removeblocked.o)
                0x0000000008004acc                sched_removeblocked
 .text.nxsched_process_timer
                0x0000000008004ae8       0x18 NuttX/nuttx/sched/libsched.a(sched_processtimer.o)
                0x0000000008004ae8                nxsched_process_timer
 .text.nxsem_destroy
                0x0000000008004b00       0x16 NuttX/nuttx/sched/libsched.a(sem_destroy.o)
                0x0000000008004b00                nxsem_destroy
 *fill*         0x0000000008004b16        0x2 
 .text.nxtask_exit
                0x0000000008004b18       0x4c NuttX/nuttx/sched/libsched.a(task_exit.o)
                0x0000000008004b18                nxtask_exit
 .text.nxtask_terminate
                0x0000000008004b64       0x54 NuttX/nuttx/sched/libsched.a(task_terminate.o)
                0x0000000008004b64                nxtask_terminate
 .text.wd_timer
                0x0000000008004bb8       0x68 NuttX/nuttx/sched/libsched.a(wd_start.o)
                0x0000000008004bb8                wd_timer
 .text.sched_gettcb
                0x0000000008004c20       0x38 NuttX/nuttx/sched/libsched.a(sched_gettcb.o)
                0x0000000008004c20                sched_gettcb
 .text.sq_addfirst
                0x0000000008004c58        0xe NuttX/nuttx/libs/libc/libc.a(sq_addfirst.o)
                0x0000000008004c58                sq_addfirst
 .text.sq_addafter
                0x0000000008004c66       0x1c NuttX/nuttx/libs/libc/libc.a(sq_addafter.o)
                0x0000000008004c66                sq_addafter
 .text.dq_addlast
                0x0000000008004c82       0x18 NuttX/nuttx/libs/libc/libc.a(dq_addlast.o)
                0x0000000008004c82                dq_addlast
 .text.strdup   0x0000000008004c9a       0x1c NuttX/nuttx/libs/libc/libc.a(lib_strdup.o)
                0x0000000008004c9a                strdup
 *fill*         0x0000000008004cb6        0x2 
 .text.isr_debug
                0x0000000008004cb8       0x4c src/modules/px4iofirmware/libpx4iofirmware.a(px4io.c.obj)
                0x0000000008004cb8                isr_debug
 .text.schedule_reboot
                0x0000000008004d04       0x20 src/modules/px4iofirmware/libpx4iofirmware.a(px4io.c.obj)
                0x0000000008004d04                schedule_reboot
 .text.user_start
                0x0000000008004d24      0x40c src/modules/px4iofirmware/libpx4iofirmware.a(px4io.c.obj)
                0x0000000008004d24                user_start
 .text.pwm_configure_rates
                0x0000000008005130       0x74 src/modules/px4iofirmware/libpx4iofirmware.a(registers.c.obj)
 .text.registers_set
                0x00000000080051a4      0x564 src/modules/px4iofirmware/libpx4iofirmware.a(registers.c.obj)
                0x00000000080051a4                registers_set
 .text.registers_get
                0x0000000008005708      0x1a0 src/modules/px4iofirmware/libpx4iofirmware.a(registers.c.obj)
                0x0000000008005708                registers_get
 .text.safety_check_button
                0x00000000080058a8       0xfc src/modules/px4iofirmware/libpx4iofirmware.a(safety.c.obj)
 .text.failsafe_blink
                0x00000000080059a4       0x38 src/modules/px4iofirmware/libpx4iofirmware.a(safety.c.obj)
 .text.safety_init
                0x00000000080059dc       0x30 src/modules/px4iofirmware/libpx4iofirmware.a(safety.c.obj)
                0x00000000080059dc                safety_init
 .text.failsafe_led_init
                0x0000000008005a0c       0x30 src/modules/px4iofirmware/libpx4iofirmware.a(safety.c.obj)
                0x0000000008005a0c                failsafe_led_init
 .text.dma_reset
                0x0000000008005a3c       0x6c src/modules/px4iofirmware/libpx4iofirmware.a(serial.c.obj)
 .text.rx_dma_callback
                0x0000000008005aa8      0x144 src/modules/px4iofirmware/libpx4iofirmware.a(serial.c.obj)
 .text.serial_interrupt
                0x0000000008005bec       0xd0 src/modules/px4iofirmware/libpx4iofirmware.a(serial.c.obj)
 .text.interface_init
                0x0000000008005cbc       0xcc src/modules/px4iofirmware/libpx4iofirmware.a(serial.c.obj)
                0x0000000008005cbc                interface_init
 .text.adc_init
                0x0000000008005d88       0x88 src/modules/px4iofirmware/libpx4iofirmware.a(adc.c.obj)
                0x0000000008005d88                adc_init
 .text.adc_measure
                0x0000000008005e10       0x7c src/modules/px4iofirmware/libpx4iofirmware.a(adc.c.obj)
                0x0000000008005e10                adc_measure
 .text.controls_init
                0x0000000008005e8c       0x90 src/modules/px4iofirmware/libpx4iofirmware.a(controls.c.obj)
                0x0000000008005e8c                controls_init
 .text.controls_tick
                0x0000000008005f1c      0x800 src/modules/px4iofirmware/libpx4iofirmware.a(controls.c.obj)
                0x0000000008005f1c                controls_tick
 .text._ZL14mixer_callbackjhhRf
                0x000000000800671c      0x1c4 src/modules/px4iofirmware/libpx4iofirmware.a(mixer.cpp.obj)
 .text.mixer_handle_text_create_mixer
                0x00000000080068e0       0x94 src/modules/px4iofirmware/libpx4iofirmware.a(mixer.cpp.obj)
                0x00000000080068e0                mixer_handle_text_create_mixer
 .text.mixer_handle_text
                0x0000000008006974      0x148 src/modules/px4iofirmware/libpx4iofirmware.a(mixer.cpp.obj)
                0x0000000008006974                mixer_handle_text
 .text.startup._GLOBAL__sub_I_mixer_tick
                0x0000000008006abc       0x2c src/modules/px4iofirmware/libpx4iofirmware.a(mixer.cpp.obj)
 .text._ZL20mixer_mix_threadsafePfPVt.constprop.3
                0x0000000008006ae8       0x3c src/modules/px4iofirmware/libpx4iofirmware.a(mixer.cpp.obj)
 .text.mixer_set_failsafe
                0x0000000008006b24      0x108 src/modules/px4iofirmware/libpx4iofirmware.a(mixer.cpp.obj)
                0x0000000008006b24                mixer_set_failsafe
 .text.mixer_tick
                0x0000000008006c2c      0x688 src/modules/px4iofirmware/libpx4iofirmware.a(mixer.cpp.obj)
                0x0000000008006c2c                mixer_tick
 .text.up_cxxinitialize
                0x00000000080072b4       0x30 NuttX/apps/libapps.a(gnu_cxxinitialize.o)
                0x00000000080072b4                up_cxxinitialize
 .text.up_pwm_servo_set
                0x00000000080072e4        0x4 platforms/nuttx/src/px4/stm/stm32f1/io_pins/libarch_io_pins.a(pwm_servo.c.obj)
                0x00000000080072e4                up_pwm_servo_set
 .text.up_pwm_servo_init
                0x00000000080072e8       0x74 platforms/nuttx/src/px4/stm/stm32f1/io_pins/libarch_io_pins.a(pwm_servo.c.obj)
                0x00000000080072e8                up_pwm_servo_init
 .text.up_pwm_servo_set_rate_group_update
                0x000000000800735c       0x30 platforms/nuttx/src/px4/stm/stm32f1/io_pins/libarch_io_pins.a(pwm_servo.c.obj)
                0x000000000800735c                up_pwm_servo_set_rate_group_update
 .text.up_pwm_update
                0x000000000800738c        0x4 platforms/nuttx/src/px4/stm/stm32f1/io_pins/libarch_io_pins.a(pwm_servo.c.obj)
                0x000000000800738c                up_pwm_update
 .text.up_pwm_servo_get_rate_group
                0x0000000008007390       0x20 platforms/nuttx/src/px4/stm/stm32f1/io_pins/libarch_io_pins.a(pwm_servo.c.obj)
                0x0000000008007390                up_pwm_servo_get_rate_group
 .text.up_pwm_servo_arm
                0x00000000080073b0       0x1a platforms/nuttx/src/px4/stm/stm32f1/io_pins/libarch_io_pins.a(pwm_servo.c.obj)
                0x00000000080073b0                up_pwm_servo_arm
 *fill*         0x00000000080073ca        0x2 
 .text.reallocate_channel_resources
                0x00000000080073cc       0x28 platforms/nuttx/src/px4/stm/stm32f1/io_pins/libarch_io_pins.a(io_timer.c.obj)
 .text.get_timer_channels
                0x00000000080073f4       0x48 platforms/nuttx/src/px4/stm/stm32f1/io_pins/libarch_io_pins.a(io_timer.c.obj)
 .text.io_timer_handler0
                0x000000000800743c        0x4 platforms/nuttx/src/px4/stm/stm32f1/io_pins/libarch_io_pins.a(io_timer.c.obj)
                0x000000000800743c                io_timer_handler0
 .text.io_timer_handler1
                0x0000000008007440        0x4 platforms/nuttx/src/px4/stm/stm32f1/io_pins/libarch_io_pins.a(io_timer.c.obj)
                0x0000000008007440                io_timer_handler1
 .text.io_timer_handler2
                0x0000000008007444        0x4 platforms/nuttx/src/px4/stm/stm32f1/io_pins/libarch_io_pins.a(io_timer.c.obj)
                0x0000000008007444                io_timer_handler2
 .text.io_timer_validate_channel_index
                0x0000000008007448       0x3c platforms/nuttx/src/px4/stm/stm32f1/io_pins/libarch_io_pins.a(io_timer.c.obj)
                0x0000000008007448                io_timer_validate_channel_index
 .text.io_timer_is_channel_free
                0x0000000008007484       0x20 platforms/nuttx/src/px4/stm/stm32f1/io_pins/libarch_io_pins.a(io_timer.c.obj)
                0x0000000008007484                io_timer_is_channel_free
 .text.io_timer_get_mode_channels
                0x00000000080074a4       0x10 platforms/nuttx/src/px4/stm/stm32f1/io_pins/libarch_io_pins.a(io_timer.c.obj)
                0x00000000080074a4                io_timer_get_mode_channels
 .text.io_timer_get_channel_mode
                0x00000000080074b4       0x20 platforms/nuttx/src/px4/stm/stm32f1/io_pins/libarch_io_pins.a(io_timer.c.obj)
                0x00000000080074b4                io_timer_get_channel_mode
 .text.io_timer_trigger
                0x00000000080074d4       0x80 platforms/nuttx/src/px4/stm/stm32f1/io_pins/libarch_io_pins.a(io_timer.c.obj)
                0x00000000080074d4                io_timer_trigger
 .text.io_timer_init_timer
                0x0000000008007554       0xbc platforms/nuttx/src/px4/stm/stm32f1/io_pins/libarch_io_pins.a(io_timer.c.obj)
                0x0000000008007554                io_timer_init_timer
 .text.io_timer_set_rate
                0x0000000008007610       0xb0 platforms/nuttx/src/px4/stm/stm32f1/io_pins/libarch_io_pins.a(io_timer.c.obj)
                0x0000000008007610                io_timer_set_rate
 .text.io_timer_channel_init
                0x00000000080076c0      0x114 platforms/nuttx/src/px4/stm/stm32f1/io_pins/libarch_io_pins.a(io_timer.c.obj)
                0x00000000080076c0                io_timer_channel_init
 .text.io_timer_set_enable
                0x00000000080077d4      0x1ac platforms/nuttx/src/px4/stm/stm32f1/io_pins/libarch_io_pins.a(io_timer.c.obj)
                0x00000000080077d4                io_timer_set_enable
 .text.io_timer_free_channel
                0x0000000008007980       0x50 platforms/nuttx/src/px4/stm/stm32f1/io_pins/libarch_io_pins.a(io_timer.c.obj)
                0x0000000008007980                io_timer_free_channel
 .text.io_timer_set_ccr
                0x00000000080079d0       0x44 platforms/nuttx/src/px4/stm/stm32f1/io_pins/libarch_io_pins.a(io_timer.c.obj)
                0x00000000080079d0                io_timer_set_ccr
 .text.io_timer_get_group
                0x0000000008007a14        0x4 platforms/nuttx/src/px4/stm/stm32f1/io_pins/libarch_io_pins.a(io_timer.c.obj)
                0x0000000008007a14                io_timer_get_group
 .text._ZN10MixerGroup8set_trimEf
                0x0000000008007a18        0x4 src/lib/mixer/libmixer.a(mixer_group.cpp.obj)
                0x0000000008007a18                MixerGroup::set_trim(float)
 .text._ZN10MixerGroup8get_trimEPf
                0x0000000008007a1c        0x4 src/lib/mixer/libmixer.a(mixer_group.cpp.obj)
                0x0000000008007a1c                MixerGroup::get_trim(float*)
 .text._ZN10MixerGroup3mixEPfj
                0x0000000008007a20       0x28 src/lib/mixer/libmixer.a(mixer_group.cpp.obj)
                0x0000000008007a20                MixerGroup::mix(float*, unsigned int)
 .text._ZN10MixerGroup17set_thrust_factorEf
                0x0000000008007a48       0x18 src/lib/mixer/libmixer.a(mixer_group.cpp.obj)
                0x0000000008007a48                MixerGroup::set_thrust_factor(float)
 .text._ZN10MixerGroup11set_airmodeEN5Mixer7AirmodeE
                0x0000000008007a60       0x18 src/lib/mixer/libmixer.a(mixer_group.cpp.obj)
                0x0000000008007a60                MixerGroup::set_airmode(Mixer::Airmode)
 .text._ZN10MixerGroup20get_multirotor_countEv
                0x0000000008007a78       0x18 src/lib/mixer/libmixer.a(mixer_group.cpp.obj)
                0x0000000008007a78                MixerGroup::get_multirotor_count()
 .text._ZN10MixerGroup21get_saturation_statusEv
                0x0000000008007a90       0x1c src/lib/mixer/libmixer.a(mixer_group.cpp.obj)
                0x0000000008007a90                MixerGroup::get_saturation_status()
 .text._ZN10MixerGroup15groups_requiredERj
                0x0000000008007aac       0x18 src/lib/mixer/libmixer.a(mixer_group.cpp.obj)
                0x0000000008007aac                MixerGroup::groups_required(unsigned int&)
 .text._ZN10MixerGroup22set_max_delta_out_onceEf
                0x0000000008007ac4       0x18 src/lib/mixer/libmixer.a(mixer_group.cpp.obj)
                0x0000000008007ac4                MixerGroup::set_max_delta_out_once(float)
 .text._ZN10MixerGroupC2EPFijhhRfEj
                0x0000000008007adc       0x18 src/lib/mixer/libmixer.a(mixer_group.cpp.obj)
                0x0000000008007adc                MixerGroup::MixerGroup(int (*)(unsigned int, unsigned char, unsigned char, float&), unsigned int)
                0x0000000008007adc                MixerGroup::MixerGroup(int (*)(unsigned int, unsigned char, unsigned char, float&), unsigned int)
 .text._ZN10MixerGroup9add_mixerEP5Mixer
                0x0000000008007af4       0x14 src/lib/mixer/libmixer.a(mixer_group.cpp.obj)
                0x0000000008007af4                MixerGroup::add_mixer(Mixer*)
 .text._ZN10MixerGroup5resetEv
                0x0000000008007b08       0x1a src/lib/mixer/libmixer.a(mixer_group.cpp.obj)
                0x0000000008007b08                MixerGroup::reset()
 *fill*         0x0000000008007b22        0x2 
 .text._ZN10MixerGroupD2Ev
                0x0000000008007b24       0x14 src/lib/mixer/libmixer.a(mixer_group.cpp.obj)
                0x0000000008007b24                MixerGroup::~MixerGroup()
                0x0000000008007b24                MixerGroup::~MixerGroup()
 .text._ZN10MixerGroupD0Ev
                0x0000000008007b38       0x12 src/lib/mixer/libmixer.a(mixer_group.cpp.obj)
                0x0000000008007b38                MixerGroup::~MixerGroup()
 *fill*         0x0000000008007b4a        0x2 
 .text._ZN10MixerGroup9set_trimsEPsj
                0x0000000008007b4c       0x64 src/lib/mixer/libmixer.a(mixer_group.cpp.obj)
                0x0000000008007b4c                MixerGroup::set_trims(short*, unsigned int)
 .text._ZN10MixerGroup13load_from_bufEPKcRj
                0x0000000008007bb0       0x7e src/lib/mixer/libmixer.a(mixer_group.cpp.obj)
                0x0000000008007bb0                MixerGroup::load_from_buf(char const*, unsigned int&)
 .text._ZN5Mixer22set_max_delta_out_onceEf
                0x0000000008007c2e        0x2 src/lib/mixer/libmixer.a(mixer_helicopter.cpp.obj)
                0x0000000008007c2e                Mixer::set_max_delta_out_once(float)
 .text._ZN5Mixer17set_thrust_factorEf
                0x0000000008007c30        0x2 src/lib/mixer/libmixer.a(mixer_helicopter.cpp.obj)
                0x0000000008007c30                Mixer::set_thrust_factor(float)
 .text._ZN5Mixer11set_airmodeENS_7AirmodeE
                0x0000000008007c32        0x2 src/lib/mixer/libmixer.a(mixer_helicopter.cpp.obj)
                0x0000000008007c32                Mixer::set_airmode(Mixer::Airmode)
 .text._ZN5Mixer20get_multirotor_countEv
                0x0000000008007c34        0x4 src/lib/mixer/libmixer.a(mixer_helicopter.cpp.obj)
                0x0000000008007c34                Mixer::get_multirotor_count()
 .text._ZN15HelicopterMixer21get_saturation_statusEv
                0x0000000008007c38        0x4 src/lib/mixer/libmixer.a(mixer_helicopter.cpp.obj)
                0x0000000008007c38                HelicopterMixer::get_saturation_status()
 .text._ZN15HelicopterMixer8set_trimEf
                0x0000000008007c3c        0x4 src/lib/mixer/libmixer.a(mixer_helicopter.cpp.obj)
                0x0000000008007c3c                HelicopterMixer::set_trim(float)
 .text._ZN15HelicopterMixer8get_trimEPf
                0x0000000008007c40        0x4 src/lib/mixer/libmixer.a(mixer_helicopter.cpp.obj)
                0x0000000008007c40                HelicopterMixer::get_trim(float*)
 .text._ZN15HelicopterMixer15groups_requiredERj
                0x0000000008007c44        0xa src/lib/mixer/libmixer.a(mixer_helicopter.cpp.obj)
                0x0000000008007c44                HelicopterMixer::groups_required(unsigned int&)
 .text._ZN15HelicopterMixerD2Ev
                0x0000000008007c4e        0x2 src/lib/mixer/libmixer.a(mixer_helicopter.cpp.obj)
                0x0000000008007c4e                HelicopterMixer::~HelicopterMixer()
                0x0000000008007c4e                HelicopterMixer::~HelicopterMixer()
 .text._ZN15HelicopterMixerD0Ev
                0x0000000008007c50        0xc src/lib/mixer/libmixer.a(mixer_helicopter.cpp.obj)
                0x0000000008007c50                HelicopterMixer::~HelicopterMixer()
 .text._ZN15HelicopterMixer3mixEPfj
                0x0000000008007c5c      0x1f4 src/lib/mixer/libmixer.a(mixer_helicopter.cpp.obj)
                0x0000000008007c5c                HelicopterMixer::mix(float*, unsigned int)
 .text._ZN15HelicopterMixerC2EPFijhhRfEjP12mixer_heli_s
                0x0000000008007e50       0x24 src/lib/mixer/libmixer.a(mixer_helicopter.cpp.obj)
                0x0000000008007e50                HelicopterMixer::HelicopterMixer(int (*)(unsigned int, unsigned char, unsigned char, float&), unsigned int, mixer_heli_s*)
                0x0000000008007e50                HelicopterMixer::HelicopterMixer(int (*)(unsigned int, unsigned char, unsigned char, float&), unsigned int, mixer_heli_s*)
 .text._ZN15HelicopterMixer9from_textEPFijhhRfEjPKcRj
                0x0000000008007e74      0x1fc src/lib/mixer/libmixer.a(mixer_helicopter.cpp.obj)
                0x0000000008007e74                HelicopterMixer::from_text(int (*)(unsigned int, unsigned char, unsigned char, float&), unsigned int, char const*, unsigned int&)
 .text._ZN15MultirotorMixer22set_max_delta_out_onceEf
                0x0000000008008070        0x4 src/lib/mixer/libmixer.a(mixer_multirotor.cpp.obj)
                0x0000000008008070                MultirotorMixer::set_max_delta_out_once(float)
 .text._ZN15MultirotorMixer8set_trimEf
                0x0000000008008074        0x4 src/lib/mixer/libmixer.a(mixer_multirotor.cpp.obj)
                0x0000000008008074                MultirotorMixer::set_trim(float)
 .text._ZN15MultirotorMixer8get_trimEPf
                0x0000000008008078        0x4 src/lib/mixer/libmixer.a(mixer_multirotor.cpp.obj)
                0x0000000008008078                MultirotorMixer::get_trim(float*)
 .text._ZN15MultirotorMixer17set_thrust_factorEf
                0x000000000800807c       0x34 src/lib/mixer/libmixer.a(mixer_multirotor.cpp.obj)
                0x000000000800807c                MultirotorMixer::set_thrust_factor(float)
 .text._ZN15MultirotorMixer20get_multirotor_countEv
                0x00000000080080b0        0x4 src/lib/mixer/libmixer.a(mixer_multirotor.cpp.obj)
                0x00000000080080b0                MultirotorMixer::get_multirotor_count()
 .text._ZN15MultirotorMixer11set_airmodeEN5Mixer7AirmodeE
                0x00000000080080b4        0x4 src/lib/mixer/libmixer.a(mixer_multirotor.cpp.obj)
                0x00000000080080b4                MultirotorMixer::set_airmode(Mixer::Airmode)
 .text._ZN15MultirotorMixer15groups_requiredERj
                0x00000000080080b8        0xa src/lib/mixer/libmixer.a(mixer_multirotor.cpp.obj)
                0x00000000080080b8                MultirotorMixer::groups_required(unsigned int&)
 .text._ZN15MultirotorMixer21get_saturation_statusEv
                0x00000000080080c2        0x4 src/lib/mixer/libmixer.a(mixer_multirotor.cpp.obj)
                0x00000000080080c2                MultirotorMixer::get_saturation_status()
 *fill*         0x00000000080080c6        0x2 
 .text._ZN15MultirotorMixerD2Ev
                0x00000000080080c8       0x20 src/lib/mixer/libmixer.a(mixer_multirotor.cpp.obj)
                0x00000000080080c8                MultirotorMixer::~MultirotorMixer()
                0x00000000080080c8                MultirotorMixer::~MultirotorMixer()
 .text._ZN15MultirotorMixerD0Ev
                0x00000000080080e8       0x12 src/lib/mixer/libmixer.a(mixer_multirotor.cpp.obj)
                0x00000000080080e8                MultirotorMixer::~MultirotorMixer()
 *fill*         0x00000000080080fa        0x2 
 .text._ZN15MultirotorMixerC2EPFijhhRfEj18MultirotorGeometryffff
                0x00000000080080fc       0x94 src/lib/mixer/libmixer.a(mixer_multirotor.cpp.obj)
                0x00000000080080fc                MultirotorMixer::MultirotorMixer(int (*)(unsigned int, unsigned char, unsigned char, float&), unsigned int, MultirotorGeometry, float, float, float, float)
                0x00000000080080fc                MultirotorMixer::MultirotorMixer(int (*)(unsigned int, unsigned char, unsigned char, float&), unsigned int, MultirotorGeometry, float, float, float, float)
 .text._ZN15MultirotorMixer9from_textEPFijhhRfEjPKcRj
                0x0000000008008190       0xc8 src/lib/mixer/libmixer.a(mixer_multirotor.cpp.obj)
                0x0000000008008190                MultirotorMixer::from_text(int (*)(unsigned int, unsigned char, unsigned char, float&), unsigned int, char const*, unsigned int&)
 .text._ZNK15MultirotorMixer25compute_desaturation_gainEPKfS1_RNS_17saturation_statusEff
                0x0000000008008258       0xc2 src/lib/mixer/libmixer.a(mixer_multirotor.cpp.obj)
                0x0000000008008258                MultirotorMixer::compute_desaturation_gain(float const*, float const*, MultirotorMixer::saturation_status&, float, float) const
 .text._ZNK15MultirotorMixer19minimize_saturationEPKfPfRNS_17saturation_statusEffb
                0x000000000800831a       0x9c src/lib/mixer/libmixer.a(mixer_multirotor.cpp.obj)
                0x000000000800831a                MultirotorMixer::minimize_saturation(float const*, float*, MultirotorMixer::saturation_status&, float, float, bool) const
 *fill*         0x00000000080083b6        0x2 
 .text._ZN15MultirotorMixer7mix_yawEfPf
                0x00000000080083b8       0x94 src/lib/mixer/libmixer.a(mixer_multirotor.cpp.obj)
                0x00000000080083b8                MultirotorMixer::mix_yaw(float, float*)
 .text._ZN15MultirotorMixer24update_saturation_statusEjbbb
                0x000000000800844c      0x180 src/lib/mixer/libmixer.a(mixer_multirotor.cpp.obj)
                0x000000000800844c                MultirotorMixer::update_saturation_status(unsigned int, bool, bool, bool)
 .text._ZN15MultirotorMixer3mixEPfj
                0x00000000080085cc      0x4e8 src/lib/mixer/libmixer.a(mixer_multirotor.cpp.obj)
                0x00000000080085cc                MultirotorMixer::mix(float*, unsigned int)
 .text._ZN11SimpleMixer8set_trimEf
                0x0000000008008ab4        0x8 src/lib/mixer/libmixer.a(mixer_simple.cpp.obj)
                0x0000000008008ab4                SimpleMixer::set_trim(float)
 .text._ZN11SimpleMixer8get_trimEPf
                0x0000000008008abc        0xa src/lib/mixer/libmixer.a(mixer_simple.cpp.obj)
                0x0000000008008abc                SimpleMixer::get_trim(float*)
 .text._ZN11SimpleMixer21get_saturation_statusEv
                0x0000000008008ac6        0x4 src/lib/mixer/libmixer.a(mixer_simple.cpp.obj)
                0x0000000008008ac6                SimpleMixer::get_saturation_status()
 .text._ZN11SimpleMixer15groups_requiredERj
                0x0000000008008aca       0x26 src/lib/mixer/libmixer.a(mixer_simple.cpp.obj)
                0x0000000008008aca                SimpleMixer::groups_required(unsigned int&)
 .text._ZN11SimpleMixerD2Ev
                0x0000000008008af0       0x18 src/lib/mixer/libmixer.a(mixer_simple.cpp.obj)
                0x0000000008008af0                SimpleMixer::~SimpleMixer()
                0x0000000008008af0                SimpleMixer::~SimpleMixer()
 .text._ZN11SimpleMixerD0Ev
                0x0000000008008b08       0x12 src/lib/mixer/libmixer.a(mixer_simple.cpp.obj)
                0x0000000008008b08                SimpleMixer::~SimpleMixer()
 .text._ZN11SimpleMixer3mixEPfj
                0x0000000008008b1a       0x6c src/lib/mixer/libmixer.a(mixer_simple.cpp.obj)
                0x0000000008008b1a                SimpleMixer::mix(float*, unsigned int)
 *fill*         0x0000000008008b86        0x2 
 .text._ZN11SimpleMixer19parse_output_scalerEPKcRjR14mixer_scaler_s
                0x0000000008008b88       0xa4 src/lib/mixer/libmixer.a(mixer_simple.cpp.obj)
                0x0000000008008b88                SimpleMixer::parse_output_scaler(char const*, unsigned int&, mixer_scaler_s&)
 .text._ZN11SimpleMixer20parse_control_scalerEPKcRjR14mixer_scaler_sRhS5_
                0x0000000008008c2c       0xac src/lib/mixer/libmixer.a(mixer_simple.cpp.obj)
                0x0000000008008c2c                SimpleMixer::parse_control_scaler(char const*, unsigned int&, mixer_scaler_s&, unsigned char&, unsigned char&)
 .text._ZN11SimpleMixer9from_textEPFijhhRfEjPKcRj
                0x0000000008008cd8       0xe8 src/lib/mixer/libmixer.a(mixer_simple.cpp.obj)
                0x0000000008008cd8                SimpleMixer::from_text(int (*)(unsigned int, unsigned char, unsigned char, float&), unsigned int, char const*, unsigned int&)
 .text._ZN9NullMixerD2Ev
                0x0000000008008dc0        0x2 src/lib/mixer/libmixer.a(mixer.cpp.obj)
                0x0000000008008dc0                NullMixer::~NullMixer()
                0x0000000008008dc0                NullMixer::~NullMixer()
 .text._ZN9NullMixer8set_trimEf
                0x0000000008008dc2        0x4 src/lib/mixer/libmixer.a(mixer.cpp.obj)
                0x0000000008008dc2                NullMixer::set_trim(float)
 .text._ZN9NullMixer8get_trimEPf
                0x0000000008008dc6        0x4 src/lib/mixer/libmixer.a(mixer.cpp.obj)
                0x0000000008008dc6                NullMixer::get_trim(float*)
 *fill*         0x0000000008008dca        0x2 
 .text._ZN9NullMixer3mixEPfj
                0x0000000008008dcc       0x10 src/lib/mixer/libmixer.a(mixer.cpp.obj)
                0x0000000008008dcc                NullMixer::mix(float*, unsigned int)
 .text._ZN9NullMixer21get_saturation_statusEv
                0x0000000008008ddc        0x4 src/lib/mixer/libmixer.a(mixer.cpp.obj)
                0x0000000008008ddc                NullMixer::get_saturation_status()
 .text._ZN9NullMixer15groups_requiredERj
                0x0000000008008de0        0x2 src/lib/mixer/libmixer.a(mixer.cpp.obj)
                0x0000000008008de0                NullMixer::groups_required(unsigned int&)
 .text._ZN9NullMixerD0Ev
                0x0000000008008de2        0xc src/lib/mixer/libmixer.a(mixer.cpp.obj)
                0x0000000008008de2                NullMixer::~NullMixer()
 *fill*         0x0000000008008dee        0x2 
 .text._ZN5MixerC2EPFijhhRfEj
                0x0000000008008df0       0x14 src/lib/mixer/libmixer.a(mixer.cpp.obj)
                0x0000000008008df0                Mixer::Mixer(int (*)(unsigned int, unsigned char, unsigned char, float&), unsigned int)
                0x0000000008008df0                Mixer::Mixer(int (*)(unsigned int, unsigned char, unsigned char, float&), unsigned int)
 .text._ZN5Mixer11get_controlEhh
                0x0000000008008e04       0x10 src/lib/mixer/libmixer.a(mixer.cpp.obj)
                0x0000000008008e04                Mixer::get_control(unsigned char, unsigned char)
 .text._ZN5Mixer5scaleERK14mixer_scaler_sf
                0x0000000008008e14       0x44 src/lib/mixer/libmixer.a(mixer.cpp.obj)
                0x0000000008008e14                Mixer::scale(mixer_scaler_s const&, float)
 .text._ZN5Mixer7findtagEPKcRjc
                0x0000000008008e58       0x24 src/lib/mixer/libmixer.a(mixer.cpp.obj)
                0x0000000008008e58                Mixer::findtag(char const*, unsigned int&, char)
 .text._ZN5Mixer11findnexttagEPKcj
                0x0000000008008e7c       0x22 src/lib/mixer/libmixer.a(mixer.cpp.obj)
                0x0000000008008e7c                Mixer::findnexttag(char const*, unsigned int)
 .text._ZN5Mixer8skiplineEPKcRj
                0x0000000008008e9e       0x2a src/lib/mixer/libmixer.a(mixer.cpp.obj)
                0x0000000008008e9e                Mixer::skipline(char const*, unsigned int&)
 .text._ZN5Mixer18string_well_formedEPKcRj
                0x0000000008008ec8       0x1e src/lib/mixer/libmixer.a(mixer.cpp.obj)
                0x0000000008008ec8                Mixer::string_well_formed(char const*, unsigned int&)
 *fill*         0x0000000008008ee6        0x2 
 .text._ZN9NullMixer9from_textEPKcRj
                0x0000000008008ee8       0x44 src/lib/mixer/libmixer.a(mixer.cpp.obj)
                0x0000000008008ee8                NullMixer::from_text(char const*, unsigned int&)
 .text.st24_common_crc8
                0x0000000008008f2c       0x38 src/lib/rc/librc.a(st24.cpp.obj)
                0x0000000008008f2c                st24_common_crc8
 .text.st24_decode
                0x0000000008008f64      0x218 src/lib/rc/librc.a(st24.cpp.obj)
                0x0000000008008f64                st24_decode
 .text.sumd_crc16
                0x000000000800917c       0x1e src/lib/rc/librc.a(sumd.cpp.obj)
                0x000000000800917c                sumd_crc16
 *fill*         0x000000000800919a        0x2 
 .text.sumd_decode
                0x000000000800919c      0x3a4 src/lib/rc/librc.a(sumd.cpp.obj)
                0x000000000800919c                sumd_decode
 .text.sbus_config
                0x0000000008009540       0x6c src/lib/rc/librc.a(sbus.cpp.obj)
                0x0000000008009540                sbus_config
 .text.sbus_init
                0x00000000080095ac       0x1e src/lib/rc/librc.a(sbus.cpp.obj)
                0x00000000080095ac                sbus_init
 *fill*         0x00000000080095ca        0x2 
 .text.sbus1_output
                0x00000000080095cc      0x100 src/lib/rc/librc.a(sbus.cpp.obj)
                0x00000000080095cc                sbus1_output
 .text.sbus2_output
                0x00000000080096cc        0x4 src/lib/rc/librc.a(sbus.cpp.obj)
                0x00000000080096cc                sbus2_output
 .text.sbus_parse
                0x00000000080096d0      0x260 src/lib/rc/librc.a(sbus.cpp.obj)
                0x00000000080096d0                sbus_parse
 .text.sbus_input
                0x0000000008009930       0x98 src/lib/rc/librc.a(sbus.cpp.obj)
                0x0000000008009930                sbus_input
 .text.sbus1_set_output_rate_hz
                0x00000000080099c8       0x24 src/lib/rc/librc.a(sbus.cpp.obj)
                0x00000000080099c8                sbus1_set_output_rate_hz
 .text._ZL16dsm_guess_formatb.constprop.3
                0x00000000080099ec       0x24 src/lib/rc/librc.a(dsm.cpp.obj)
 .text.dsm_config
                0x0000000008009a10       0x64 src/lib/rc/librc.a(dsm.cpp.obj)
                0x0000000008009a10                dsm_config
 .text.dsm_proto_init
                0x0000000008009a74       0x38 src/lib/rc/librc.a(dsm.cpp.obj)
                0x0000000008009a74                dsm_proto_init
 .text.dsm_init
                0x0000000008009aac       0x2c src/lib/rc/librc.a(dsm.cpp.obj)
                0x0000000008009aac                dsm_init
 .text.dsm_bind
                0x0000000008009ad8       0x7c src/lib/rc/librc.a(dsm.cpp.obj)
                0x0000000008009ad8                dsm_bind
 .text.dsm_parse
                0x0000000008009b54      0x2e4 src/lib/rc/librc.a(dsm.cpp.obj)
                0x0000000008009b54                dsm_parse
 .text.dsm_input
                0x0000000008009e38       0x60 src/lib/rc/librc.a(dsm.cpp.obj)
                0x0000000008009e38                dsm_input
 .text.perf_count
                0x0000000008009e98       0xe8 src/lib/perf/libperf.a(perf_counter.cpp.obj)
                0x0000000008009e98                perf_count
 .text.perf_begin
                0x0000000008009f80       0x16 src/lib/perf/libperf.a(perf_counter.cpp.obj)
                0x0000000008009f80                perf_begin
 *fill*         0x0000000008009f96        0x2 
 .text.perf_end
                0x0000000008009f98       0xc4 src/lib/perf/libperf.a(perf_counter.cpp.obj)
                0x0000000008009f98                perf_end
 .text.output_limit_init
                0x000000000800a05c       0x12 src/lib/output_limit/liboutput_limit.a(output_limit.cpp.obj)
                0x000000000800a05c                output_limit_init
 *fill*         0x000000000800a06e        0x2 
 .text.output_limit_calc
                0x000000000800a070      0x250 src/lib/output_limit/liboutput_limit.a(output_limit.cpp.obj)
                0x000000000800a070                output_limit_calc
 .text.up_systemreset
                0x000000000800a2c0       0x1c NuttX/nuttx/arch/arm/src/libarch.a(up_systemreset.o)
                0x000000000800a2c0                up_systemreset
 .text.up_udelay
                0x000000000800a2dc       0x72 NuttX/nuttx/arch/arm/src/libarch.a(up_udelay.o)
                0x000000000800a2dc                up_udelay
 .text.stm32_boardinitialize
                0x000000000800a34e      0x154 boards/px4/io-v2/src/libdrivers_board.a(init.c.obj)
                0x000000000800a34e                stm32_boardinitialize
 *fill*         0x000000000800a4a2        0x2 
 .text.hrt_absolute_time
                0x000000000800a4a4       0x50 platforms/nuttx/src/px4/stm/stm32f1/hrt/libarch_hrt.a(hrt.c.obj)
                0x000000000800a4a4                hrt_absolute_time
 .text.hrt_call_reschedule
                0x000000000800a4f4       0x60 platforms/nuttx/src/px4/stm/stm32f1/hrt/libarch_hrt.a(hrt.c.obj)
 .text.hrt_call_enter
                0x000000000800a554       0x4c platforms/nuttx/src/px4/stm/stm32f1/hrt/libarch_hrt.a(hrt.c.obj)
 .text.hrt_call_internal
                0x000000000800a5a0       0x4c platforms/nuttx/src/px4/stm/stm32f1/hrt/libarch_hrt.a(hrt.c.obj)
 .text.hrt_tim_isr
                0x000000000800a5ec      0x1f0 platforms/nuttx/src/px4/stm/stm32f1/hrt/libarch_hrt.a(hrt.c.obj)
 .text.hrt_elapsed_time_atomic
                0x000000000800a7dc       0x28 platforms/nuttx/src/px4/stm/stm32f1/hrt/libarch_hrt.a(hrt.c.obj)
                0x000000000800a7dc                hrt_elapsed_time_atomic
 .text.hrt_init
                0x000000000800a804       0x84 platforms/nuttx/src/px4/stm/stm32f1/hrt/libarch_hrt.a(hrt.c.obj)
                0x000000000800a804                hrt_init
 .text.hrt_call_every
                0x000000000800a888       0x2e platforms/nuttx/src/px4/stm/stm32f1/hrt/libarch_hrt.a(hrt.c.obj)
                0x000000000800a888                hrt_call_every
 .text.__cxa_pure_virtual
                0x000000000800a8b6        0x2 NuttX/nuttx/libs/libxx/libxx.a(libxx_cxapurevirtual.o)
                0x000000000800a8b6                __cxa_pure_virtual
 .text.__aeabi_atexit
                0x000000000800a8b8        0xa NuttX/nuttx/libs/libxx/libxx.a(libxx_eabi_atexit.o)
                0x000000000800a8b8                __aeabi_atexit
 .text.__cxa_atexit
                0x000000000800a8c2        0x4 NuttX/nuttx/libs/libxx/libxx.a(libxx_cxa_atexit.o)
                0x000000000800a8c2                __cxa_atexit
 .text._ZdlPv   0x000000000800a8c6        0x4 NuttX/nuttx/libs/libxx/libxx.a(libxx_delete.o)
                0x000000000800a8c6                operator delete(void*)
 .text._ZdaPv   0x000000000800a8ca        0x4 NuttX/nuttx/libs/libxx/libxx.a(libxx_deletea.o)
                0x000000000800a8ca                operator delete[](void*)
 .text._Znwj    0x000000000800a8ce        0xa NuttX/nuttx/libs/libxx/libxx.a(libxx_new.o)
                0x000000000800a8ce                operator new(unsigned int)
 .text._Znaj    0x000000000800a8d8        0xa NuttX/nuttx/libs/libxx/libxx.a(libxx_newa.o)
                0x000000000800a8d8                operator new[](unsigned int)
 *fill*         0x000000000800a8e2        0x2 
 .text.crc32part
                0x000000000800a8e4       0x24 NuttX/nuttx/libs/libc/libc.a(lib_crc32.o)
                0x000000000800a8e4                crc32part
 .text.sq_rem   0x000000000800a908       0x2c NuttX/nuttx/libs/libc/libc.a(sq_rem.o)
                0x000000000800a908                sq_rem
 .text.printf   0x000000000800a934       0x20 NuttX/nuttx/libs/libc/libc.a(lib_printf.o)
                0x000000000800a934                printf
 .text.vsnprintf
                0x000000000800a954       0x2a NuttX/nuttx/libs/libc/libc.a(lib_vsnprintf.o)
                0x000000000800a954                vsnprintf
 .text.memoutstream_putc
                0x000000000800a97e       0x1a NuttX/nuttx/libs/libc/libc.a(lib_memoutstream.o)
 .text.lib_memoutstream
                0x000000000800a998       0x20 NuttX/nuttx/libs/libc/libc.a(lib_memoutstream.o)
                0x000000000800a998                lib_memoutstream
 .text.nulloutstream_putc
                0x000000000800a9b8        0x8 NuttX/nuttx/libs/libc/libc.a(lib_nulloutstream.o)
 .text.lib_nulloutstream
                0x000000000800a9c0       0x18 NuttX/nuttx/libs/libc/libc.a(lib_nulloutstream.o)
                0x000000000800a9c0                lib_nulloutstream
 .text.sscanf   0x000000000800a9d8       0x1a NuttX/nuttx/libs/libc/libc.a(lib_sscanf.o)
                0x000000000800a9d8                sscanf
 .text.vsscanf  0x000000000800a9f2       0x24 NuttX/nuttx/libs/libc/libc.a(lib_vsscanf.o)
                0x000000000800a9f2                vsscanf
 .text.isspace  0x000000000800aa16       0x14 NuttX/nuttx/libs/libc/libc.a(lib_libvscanf.o)
 *fill*         0x000000000800aa2a        0x2 
 .text.lib_vscanf
                0x000000000800aa2c      0x5c4 NuttX/nuttx/libs/libc/libc.a(lib_libvscanf.o)
                0x000000000800aa2c                lib_vscanf
 .text.strtol   0x000000000800aff0       0x74 NuttX/nuttx/libs/libc/libc.a(lib_strtol.o)
                0x000000000800aff0                strtol
 .text.strtoul  0x000000000800b064       0xa2 NuttX/nuttx/libs/libc/libc.a(lib_strtoul.o)
                0x000000000800b064                strtoul
 .text.lib_checkbase
                0x000000000800b106       0x5c NuttX/nuttx/libs/libc/libc.a(lib_checkbase.o)
                0x000000000800b106                lib_checkbase
 .text.lib_isbasedigit
                0x000000000800b162       0x4e NuttX/nuttx/libs/libc/libc.a(lib_isbasedigit.o)
                0x000000000800b162                lib_isbasedigit
 .text.memchr   0x000000000800b1b0       0x1c NuttX/nuttx/libs/libc/libc.a(lib_memchr.o)
                0x000000000800b1b0                memchr
 .text.memmove  0x000000000800b1cc       0x2e NuttX/nuttx/libs/libc/libc.a(lib_memmove.o)
                0x000000000800b1cc                memmove
 .text.lib_skipspace
                0x000000000800b1fa       0x16 NuttX/nuttx/libs/libc/libc.a(lib_skipspace.o)
                0x000000000800b1fa                lib_skipspace
 .text.strchr   0x000000000800b210       0x16 NuttX/nuttx/libs/libc/libc.a(lib_strchr.o)
                0x000000000800b210                strchr
 .text.strcmp   0x000000000800b226       0x16 NuttX/nuttx/libs/libc/libc.a(lib_strcmp.o)
                0x000000000800b226                strcmp
 .text.tcgetattr
                0x000000000800b23c        0xa NuttX/nuttx/libs/libc/libc.a(lib_tcgetattr.o)
                0x000000000800b23c                tcgetattr
 .text.tcsetattr
                0x000000000800b246       0x10 NuttX/nuttx/libs/libc/libc.a(lib_tcsetattr.o)
                0x000000000800b246                tcsetattr
 .text.meminstream_getc
                0x000000000800b256       0x1a NuttX/nuttx/libs/libc/libc.a(lib_meminstream.o)
 .text.lib_meminstream
                0x000000000800b270       0x14 NuttX/nuttx/libs/libc/libc.a(lib_meminstream.o)
                0x000000000800b270                lib_meminstream
 .text.file_ioctl
                0x000000000800b284       0x1a NuttX/nuttx/fs/libfs.a(fs_ioctl.o)
                0x000000000800b284                file_ioctl
 .text.ioctl    0x000000000800b29e       0x38 NuttX/nuttx/fs/libfs.a(fs_ioctl.o)
                0x000000000800b29e                ioctl
 .text.file_read
                0x000000000800b2d6       0x26 NuttX/nuttx/fs/libfs.a(fs_read.o)
                0x000000000800b2d6                file_read
 .text.nx_read  0x000000000800b2fc       0x28 NuttX/nuttx/fs/libfs.a(fs_read.o)
                0x000000000800b2fc                nx_read
 .text.read     0x000000000800b324       0x1a NuttX/nuttx/fs/libfs.a(fs_read.o)
                0x000000000800b324                read
 *fill*         0x000000000800b33e        0x2 
 .text.mallinfo
                0x000000000800b340       0x24 NuttX/nuttx/mm/libmm.a(umm_mallinfo.o)
                0x000000000800b340                mallinfo
 .text.mm_mallinfo
                0x000000000800b364       0x56 NuttX/nuttx/mm/libmm.a(mm_mallinfo.o)
                0x000000000800b364                mm_mallinfo
 *fill*         0x000000000800b3ba        0x2 
 .text.cosf     0x000000000800b3bc       0x78 /home/xj/gcc-arm-none-eabi-7-2017-q4-major/bin/../lib/gcc/arm-none-eabi/7.2.1/../../../../arm-none-eabi/lib/thumb/v7-m/libm.a(lib_a-sf_cos.o)
                0x000000000800b3bc                cosf
 .text.floorf   0x000000000800b434       0x88 /home/xj/gcc-arm-none-eabi-7-2017-q4-major/bin/../lib/gcc/arm-none-eabi/7.2.1/../../../../arm-none-eabi/lib/thumb/v7-m/libm.a(lib_a-sf_floor.o)
                0x000000000800b434                floorf
 .text.sinf     0x000000000800b4bc       0x7c /home/xj/gcc-arm-none-eabi-7-2017-q4-major/bin/../lib/gcc/arm-none-eabi/7.2.1/../../../../arm-none-eabi/lib/thumb/v7-m/libm.a(lib_a-sf_sin.o)
                0x000000000800b4bc                sinf
 .text.sqrtf    0x000000000800b538       0xa0 /home/xj/gcc-arm-none-eabi-7-2017-q4-major/bin/../lib/gcc/arm-none-eabi/7.2.1/../../../../arm-none-eabi/lib/thumb/v7-m/libm.a(lib_a-wf_sqrt.o)
                0x000000000800b538                sqrtf
 .text.__ieee754_rem_pio2f
                0x000000000800b5d8      0x2e4 /home/xj/gcc-arm-none-eabi-7-2017-q4-major/bin/../lib/gcc/arm-none-eabi/7.2.1/../../../../arm-none-eabi/lib/thumb/v7-m/libm.a(lib_a-ef_rem_pio2.o)
                0x000000000800b5d8                __ieee754_rem_pio2f
 .text.__ieee754_sqrtf
                0x000000000800b8bc       0xa8 /home/xj/gcc-arm-none-eabi-7-2017-q4-major/bin/../lib/gcc/arm-none-eabi/7.2.1/../../../../arm-none-eabi/lib/thumb/v7-m/libm.a(lib_a-ef_sqrt.o)
                0x000000000800b8bc                __ieee754_sqrtf
 .text.__kernel_cosf
                0x000000000800b964      0x188 /home/xj/gcc-arm-none-eabi-7-2017-q4-major/bin/../lib/gcc/arm-none-eabi/7.2.1/../../../../arm-none-eabi/lib/thumb/v7-m/libm.a(lib_a-kf_cos.o)
                0x000000000800b964                __kernel_cosf
 .text.__kernel_rem_pio2f
                0x000000000800baec      0x6c4 /home/xj/gcc-arm-none-eabi-7-2017-q4-major/bin/../lib/gcc/arm-none-eabi/7.2.1/../../../../arm-none-eabi/lib/thumb/v7-m/libm.a(lib_a-kf_rem_pio2.o)
                0x000000000800baec                __kernel_rem_pio2f
 .text.__kernel_sinf
                0x000000000800c1b0       0xec /home/xj/gcc-arm-none-eabi-7-2017-q4-major/bin/../lib/gcc/arm-none-eabi/7.2.1/../../../../arm-none-eabi/lib/thumb/v7-m/libm.a(lib_a-kf_sin.o)
                0x000000000800c1b0                __kernel_sinf
 .text.matherr  0x000000000800c29c        0x4 /home/xj/gcc-arm-none-eabi-7-2017-q4-major/bin/../lib/gcc/arm-none-eabi/7.2.1/../../../../arm-none-eabi/lib/thumb/v7-m/libm.a(lib_a-s_matherr.o)
                0x000000000800c29c                matherr
 .text.fabsf    0x000000000800c2a0        0x8 /home/xj/gcc-arm-none-eabi-7-2017-q4-major/bin/../lib/gcc/arm-none-eabi/7.2.1/../../../../arm-none-eabi/lib/thumb/v7-m/libm.a(lib_a-sf_fabs.o)
                0x000000000800c2a0                fabsf
 .text.scalbnf  0x000000000800c2a8       0xb0 /home/xj/gcc-arm-none-eabi-7-2017-q4-major/bin/../lib/gcc/arm-none-eabi/7.2.1/../../../../arm-none-eabi/lib/thumb/v7-m/libm.a(lib_a-sf_scalbn.o)
                0x000000000800c2a8                scalbnf
 .text.copysignf
                0x000000000800c358        0xc /home/xj/gcc-arm-none-eabi-7-2017-q4-major/bin/../lib/gcc/arm-none-eabi/7.2.1/../../../../arm-none-eabi/lib/thumb/v7-m/libm.a(lib_a-sf_copysign.o)
                0x000000000800c358                copysignf
 .text          0x000000000800c364      0x378 /home/xj/gcc-arm-none-eabi-7-2017-q4-major/bin/../lib/gcc/arm-none-eabi/7.2.1/thumb/v7-m/libgcc.a(_arm_addsubdf3.o)
                0x000000000800c364                __aeabi_drsub
                0x000000000800c36c                __aeabi_dsub
                0x000000000800c36c                __subdf3
                0x000000000800c370                __adddf3
                0x000000000800c370                __aeabi_dadd
                0x000000000800c5e8                __aeabi_ui2d
                0x000000000800c5e8                __floatunsidf
                0x000000000800c608                __floatsidf
                0x000000000800c608                __aeabi_i2d
                0x000000000800c62c                __extendsfdf2
                0x000000000800c62c                __aeabi_f2d
                0x000000000800c670                __aeabi_ul2d
                0x000000000800c670                __floatundidf
                0x000000000800c680                __floatdidf
                0x000000000800c680                __aeabi_l2d
 .text          0x000000000800c6dc      0x424 /home/xj/gcc-arm-none-eabi-7-2017-q4-major/bin/../lib/gcc/arm-none-eabi/7.2.1/thumb/v7-m/libgcc.a(_arm_muldivdf3.o)
                0x000000000800c6dc                __aeabi_dmul
                0x000000000800c6dc                __muldf3
                0x000000000800c930                __aeabi_ddiv
                0x000000000800c930                __divdf3
 .text          0x000000000800cb00       0xa0 /home/xj/gcc-arm-none-eabi-7-2017-q4-major/bin/../lib/gcc/arm-none-eabi/7.2.1/thumb/v7-m/libgcc.a(_arm_truncdfsf2.o)
                0x000000000800cb00                __aeabi_d2f
                0x000000000800cb00                __truncdfsf2
 .text          0x000000000800cba0      0x21c /home/xj/gcc-arm-none-eabi-7-2017-q4-major/bin/../lib/gcc/arm-none-eabi/7.2.1/thumb/v7-m/libgcc.a(_arm_addsubsf3.o)
                0x000000000800cba0                __aeabi_frsub
                0x000000000800cba8                __subsf3
                0x000000000800cba8                __aeabi_fsub
                0x000000000800cbac                __aeabi_fadd
                0x000000000800cbac                __addsf3
                0x000000000800cd0c                __aeabi_ui2f
                0x000000000800cd0c                __floatunsisf
                0x000000000800cd14                __aeabi_i2f
                0x000000000800cd14                __floatsisf
                0x000000000800cd30                __floatundisf
                0x000000000800cd30                __aeabi_ul2f
                0x000000000800cd40                __floatdisf
                0x000000000800cd40                __aeabi_l2f
 .text          0x000000000800cdbc      0x2a0 /home/xj/gcc-arm-none-eabi-7-2017-q4-major/bin/../lib/gcc/arm-none-eabi/7.2.1/thumb/v7-m/libgcc.a(_arm_muldivsf3.o)
                0x000000000800cdbc                __mulsf3
                0x000000000800cdbc                __aeabi_fmul
                0x000000000800cf24                __divsf3
                0x000000000800cf24                __aeabi_fdiv
 .text          0x000000000800d05c       0xec /home/xj/gcc-arm-none-eabi-7-2017-q4-major/bin/../lib/gcc/arm-none-eabi/7.2.1/thumb/v7-m/libgcc.a(_arm_cmpsf2.o)
                0x000000000800d05c                __gtsf2
                0x000000000800d05c                __gesf2
                0x000000000800d064                __lesf2
                0x000000000800d064                __ltsf2
                0x000000000800d06c                __nesf2
                0x000000000800d06c                __eqsf2
                0x000000000800d06c                __cmpsf2
                0x000000000800d0cc                __aeabi_cfrcmple
                0x000000000800d0d4                __aeabi_cfcmple
                0x000000000800d0d4                __aeabi_cfcmpeq
                0x000000000800d0e4                __aeabi_fcmpeq
                0x000000000800d0f8                __aeabi_fcmplt
                0x000000000800d10c                __aeabi_fcmple
                0x000000000800d120                __aeabi_fcmpge
                0x000000000800d134                __aeabi_fcmpgt
 .text          0x000000000800d148       0x2c /home/xj/gcc-arm-none-eabi-7-2017-q4-major/bin/../lib/gcc/arm-none-eabi/7.2.1/thumb/v7-m/libgcc.a(_arm_unordsf2.o)
                0x000000000800d148                __aeabi_fcmpun
                0x000000000800d148                __unordsf2
 .text          0x000000000800d174       0x4c /home/xj/gcc-arm-none-eabi-7-2017-q4-major/bin/../lib/gcc/arm-none-eabi/7.2.1/thumb/v7-m/libgcc.a(_arm_fixsfsi.o)
                0x000000000800d174                __fixsfsi
                0x000000000800d174                __aeabi_f2iz
 .text          0x000000000800d1c0       0x40 /home/xj/gcc-arm-none-eabi-7-2017-q4-major/bin/../lib/gcc/arm-none-eabi/7.2.1/thumb/v7-m/libgcc.a(_arm_fixunssfsi.o)
                0x000000000800d1c0                __aeabi_f2uiz
                0x000000000800d1c0                __fixunssfsi
 .text          0x000000000800d200       0x30 /home/xj/gcc-arm-none-eabi-7-2017-q4-major/bin/../lib/gcc/arm-none-eabi/7.2.1/thumb/v7-m/libgcc.a(_aeabi_uldivmod.o)
                0x000000000800d200                __aeabi_uldivmod
 .text          0x000000000800d230      0x2d0 /home/xj/gcc-arm-none-eabi-7-2017-q4-major/bin/../lib/gcc/arm-none-eabi/7.2.1/thumb/v7-m/libgcc.a(_udivmoddi4.o)
                0x000000000800d230                __udivmoddi4
 .text          0x000000000800d500        0x4 /home/xj/gcc-arm-none-eabi-7-2017-q4-major/bin/../lib/gcc/arm-none-eabi/7.2.1/thumb/v7-m/libgcc.a(_dvmd_tls.o)
                0x000000000800d500                __aeabi_ldiv0
                0x000000000800d500                __aeabi_idiv0
 *(.fixup)
 *(.gnu.warning)
 *(.rodata .rodata.*)
 .rodata.g_idle_topstack
                0x000000000800d504        0x4 NuttX/nuttx/arch/arm/src/libarch.a(stm32_start.o)
                0x000000000800d504                g_idle_topstack
 .rodata.g_gpiobase
                0x000000000800d508       0x10 NuttX/nuttx/arch/arm/src/libarch.a(stm32_gpio.o)
                0x000000000800d508                g_gpiobase
 .rodata.g_uart_devs
                0x000000000800d518        0xc NuttX/nuttx/arch/arm/src/libarch.a(stm32_serial.o)
 .rodata.g_uart_dma_ops
                0x000000000800d524       0x30 NuttX/nuttx/arch/arm/src/libarch.a(stm32_serial.o)
 .rodata.g_uart_ops
                0x000000000800d554       0x30 NuttX/nuttx/arch/arm/src/libarch.a(stm32_serial.o)
 .rodata.up_serialinit.str1.1
                0x000000000800d584       0x23 NuttX/nuttx/arch/arm/src/libarch.a(stm32_serial.o)
 .rodata.__FUNCTION__.5624
                0x000000000800d5a7        0xd NuttX/nuttx/arch/arm/src/libarch.a(up_hardfault.o)
 .rodata.up_hardfault.str1.1
                0x000000000800d5b4       0x36 NuttX/nuttx/arch/arm/src/libarch.a(up_hardfault.o)
 .rodata.__FUNCTION__.6978
                0x000000000800d5ea        0xd NuttX/nuttx/arch/arm/src/libarch.a(up_assert.o)
 .rodata.__FUNCTION__.6986
                0x000000000800d5f7        0xc NuttX/nuttx/arch/arm/src/libarch.a(up_assert.o)
 .rodata.__FUNCTION__.6994
                0x000000000800d603       0x10 NuttX/nuttx/arch/arm/src/libarch.a(up_assert.o)
 .rodata.__FUNCTION__.7002
                0x000000000800d613        0xd NuttX/nuttx/arch/arm/src/libarch.a(up_assert.o)
 .rodata.__FUNCTION__.7014
                0x000000000800d620        0xa NuttX/nuttx/arch/arm/src/libarch.a(up_assert.o)
 .rodata.up_assert.str1.1
                0x000000000800d62a      0x16b NuttX/nuttx/arch/arm/src/libarch.a(up_assert.o)
 .rodata.up_stackdump.str1.1
                0x000000000800d795       0x33 NuttX/nuttx/arch/arm/src/libarch.a(up_assert.o)
 .rodata.up_taskdump.str1.1
                0x000000000800d7c8       0x26 NuttX/nuttx/arch/arm/src/libarch.a(up_assert.o)
 *fill*         0x000000000800d7ee        0x2 
 .rodata.g_serialops
                0x000000000800d7f0       0x18 NuttX/nuttx/drivers/libdrivers.a(serial.o)
 .rodata.g_default_channel
                0x000000000800d808       0x10 NuttX/nuttx/drivers/libdrivers.a(syslog_channel.o)
                0x000000000800d808                g_default_channel
 .rodata.g_tasklisttable
                0x000000000800d818       0x30 NuttX/nuttx/sched/libsched.a(nx_start.o)
                0x000000000800d818                g_tasklisttable
 .rodata.nx_bringup.str1.1
                0x000000000800d848        0x5 NuttX/nuttx/sched/libsched.a(nx_bringup.o)
 .rodata.irq_unexpected_isr.str1.1
                0x000000000800d84d       0x18 NuttX/nuttx/sched/libsched.a(irq_unexpectedisr.o)
 .rodata.g_noname
                0x000000000800d865        0x9 NuttX/nuttx/sched/libsched.a(task_setup.o)
 .rodata.group_setupidlefiles.str1.1
                0x000000000800d86e        0xd NuttX/nuttx/sched/libsched.a(group_setupidlefiles.o)
 .rodata.lib_vsprintf.str1.1
                0x000000000800d86e        0x8 NuttX/nuttx/libs/libc/libc.a(lib_libvsprintf.o)
 *fill*         0x000000000800d876        0x2 
 .rodata.g_syslog_console_channel
                0x000000000800d878       0x10 NuttX/nuttx/drivers/libdrivers.a(syslog_consolechannel.o)
 .rodata.syslog_console_channel.str1.1
                0x000000000800d888        0xd NuttX/nuttx/drivers/libdrivers.a(syslog_consolechannel.o)
 .rodata.g_syscrlf
                0x000000000800d888        0x2 NuttX/nuttx/drivers/libdrivers.a(syslog_device.o)
 .rodata.user_start.str1.1
                0x000000000800d88a       0x5f src/modules/px4iofirmware/libpx4iofirmware.a(px4io.c.obj)
                                         0x63 (size before relaxing)
 *fill*         0x000000000800d8e9        0x1 
 .rodata.r_page_config
                0x000000000800d8ea       0x12 src/modules/px4iofirmware/libpx4iofirmware.a(registers.c.obj)
 .rodata.registers_set.str1.1